Component: ARM Compiler 5.06 update 6 (build 750) Tool: armlink [4d35ed]

==============================================================================

Section Cross References

    main.o(i.TIM6_IRQHandler) refers to main.o(i.updateMotor) for updateMotor
    main.o(i.allInitialize) refers to main.o(i.variablesInit) for variablesInit
    main.o(i.allInitialize) refers to main.o(i.sampleTimeInit) for sampleTimeInit
    main.o(i.allInitialize) refers to motor.o(i.motorPWMInit) for motorPWMInit
    main.o(i.allInitialize) refers to encoder.o(i.encoderInit) for encoderInit
    main.o(i.allInitialize) refers to usart.o(i.usart1Init) for usart1Init
    main.o(i.getDesireRPM) refers to _printf_percent.o(.ARM.Collect$$_printf_percent$$00000000) for _printf_percent
    main.o(i.getDesireRPM) refers to _printf_d.o(.ARM.Collect$$_printf_percent$$00000009) for _printf_d
    main.o(i.getDesireRPM) refers to _printf_dec.o(.text) for _printf_int_dec
    main.o(i.getDesireRPM) refers to h1_alloc.o(.text) for malloc
    main.o(i.getDesireRPM) refers to strtof.o(i.strtof) for strtof
    main.o(i.getDesireRPM) refers to ffix.o(x$fpl$ffix) for __aeabi_f2iz
    main.o(i.getDesireRPM) refers to noretval__2printf.o(.text) for __2printf
    main.o(i.getDesireRPM) refers to h1_free.o(.text) for free
    main.o(i.getDesireRPM) refers to main.o(.data) for Rx_strLength
    main.o(i.getDesireRPM) refers to main.o(.bss) for Received_Rx_Buf
    main.o(i.main) refers to main.o(i.allInitialize) for allInitialize
    main.o(i.main) refers to noretval__2printf.o(.text) for __2printf
    main.o(i.main) refers to main.o(i.getDesireRPM) for getDesireRPM
    main.o(i.main) refers to main.o(.data) for setpoint
    main.o(i.updateMotor) refers to _printf_percent.o(.ARM.Collect$$_printf_percent$$00000000) for _printf_percent
    main.o(i.updateMotor) refers to _printf_d.o(.ARM.Collect$$_printf_percent$$00000009) for _printf_d
    main.o(i.updateMotor) refers to _printf_dec.o(.text) for _printf_int_dec
    main.o(i.updateMotor) refers to encoder.o(i.getMotorB_rpm) for getMotorB_rpm
    main.o(i.updateMotor) refers to encoder.o(i.getMotorC_rpm) for getMotorC_rpm
    main.o(i.updateMotor) refers to noretval__2printf.o(.text) for __2printf
    main.o(i.updateMotor) refers to pid.o(i.updatePID_B) for updatePID_B
    main.o(i.updateMotor) refers to pid.o(i.updatePID_C) for updatePID_C
    main.o(i.updateMotor) refers to main.o(.data) for B_actual_rpm
    main.o(i.variablesInit) refers to dflt_clz.o(x$fpl$dflt) for __aeabi_i2d
    main.o(i.variablesInit) refers to ddiv.o(x$fpl$ddiv) for __aeabi_ddiv
    main.o(i.variablesInit) refers to d2f.o(x$fpl$d2f) for __aeabi_d2f
    main.o(i.variablesInit) refers to fmul.o(x$fpl$fmul) for __aeabi_fmul
    main.o(i.variablesInit) refers to f2d.o(x$fpl$f2d) for __aeabi_f2d
    main.o(i.variablesInit) refers to main.o(.data) for pi
    motor.o(i.MotorGpio_Init) refers to stm32f10x_rcc.o(i.RCC_APB2PeriphClockCmd) for RCC_APB2PeriphClockCmd
    motor.o(i.MotorGpio_Init) refers to stm32f10x_gpio.o(i.GPIO_Init) for GPIO_Init
    motor.o(i.MotorGpio_Init) refers to stm32f10x_tim.o(i.TIM_SetCompare3) for TIM_SetCompare3
    motor.o(i.MotorGpio_Init) refers to stm32f10x_tim.o(i.TIM_SetCompare2) for TIM_SetCompare2
    motor.o(i.motorPWMInit) refers to motor.o(i.MotorGpio_Init) for MotorGpio_Init
    motor.o(i.motorPWMInit) refers to stm32f10x_rcc.o(i.RCC_APB2PeriphClockCmd) for RCC_APB2PeriphClockCmd
    encoder.o(i.encoderInit) refers to encoder.o(i.EncoderB_Init) for EncoderB_Init
    encoder.o(i.encoderInit) refers to encoder.o(i.EncoderC_Init) for EncoderC_Init
    encoder.o(i.getMotorB_rpm) refers to fflt_clz.o(x$fpl$fflt) for __aeabi_i2f
    encoder.o(i.getMotorB_rpm) refers to fmul.o(x$fpl$fmul) for __aeabi_fmul
    encoder.o(i.getMotorB_rpm) refers to ffix.o(x$fpl$ffix) for __aeabi_f2iz
    encoder.o(i.getMotorB_rpm) refers to encoder.o(.data) for B_count
    encoder.o(i.getMotorB_rpm) refers to main.o(.data) for pulse_per_50ms_to_rpm
    encoder.o(i.getMotorC_rpm) refers to fflt_clz.o(x$fpl$fflt) for __aeabi_i2f
    encoder.o(i.getMotorC_rpm) refers to fmul.o(x$fpl$fmul) for __aeabi_fmul
    encoder.o(i.getMotorC_rpm) refers to ffix.o(x$fpl$ffix) for __aeabi_f2iz
    encoder.o(i.getMotorC_rpm) refers to encoder.o(.data) for C_count
    encoder.o(i.getMotorC_rpm) refers to main.o(.data) for pulse_per_50ms_to_rpm
    pid.o(i.updatePID_B) refers to dflt_clz.o(x$fpl$dflt) for __aeabi_i2d
    pid.o(i.updatePID_B) refers to dmul.o(x$fpl$dmul) for __aeabi_dmul
    pid.o(i.updatePID_B) refers to f2d.o(x$fpl$f2d) for __aeabi_f2d
    pid.o(i.updatePID_B) refers to daddsub_clz.o(x$fpl$dadd) for __aeabi_dadd
    pid.o(i.updatePID_B) refers to d2f.o(x$fpl$d2f) for __aeabi_d2f
    pid.o(i.updatePID_B) refers to ddiv.o(x$fpl$ddiv) for __aeabi_ddiv
    pid.o(i.updatePID_B) refers to fmul.o(x$fpl$fmul) for __aeabi_fmul
    pid.o(i.updatePID_B) refers to fflt_clz.o(x$fpl$fflt) for __aeabi_i2f
[...]
    i.NVIC_Configuration                     0x08002660   Section        0  usart.o(i.NVIC_Configuration)
    NVIC_Configuration                       0x08002661   Thumb Code    42  usart.o(i.NVIC_Configuration)
    i.NVIC_Init                              0x0800268c   Section        0  misc.o(i.NVIC_Init)
    i.NVIC_PriorityGroupConfig               0x080026fc   Section        0  misc.o(i.NVIC_PriorityGroupConfig)
    i.RCC_AHBPeriphClockCmd                  0x08002710   Section        0  stm32f10x_rcc.o(i.RCC_AHBPeriphClockCmd)
    i.RCC_APB2PeriphClockCmd                 0x08002730   Section        0  stm32f10x_rcc.o(i.RCC_APB2PeriphClockCmd)
    i.RCC_GetClocksFreq                      0x08002750   Section        0  stm32f10x_rcc.o(i.RCC_GetClocksFreq)
    i.Receive_DataPack                       0x08002824   Section        0  usart.o(i.Receive_DataPack)
    i.SetSysClock                            0x08002880   Section        0  system_stm32f10x.o(i.SetSysClock)
    SetSysClock                              0x08002881   Thumb Code     8  system_stm32f10x.o(i.SetSysClock)
    i.SetSysClockTo72                        0x08002888   Section        0  system_stm32f10x.o(i.SetSysClockTo72)
    SetSysClockTo72                          0x08002889   Thumb Code   214  system_stm32f10x.o(i.SetSysClockTo72)
    i.SystemInit                             0x08002968   Section        0  system_stm32f10x.o(i.SystemInit)
    i.TIM6_IRQHandler                        0x080029c8   Section        0  main.o(i.TIM6_IRQHandler)
    i.TIM_SetCompare2                        0x080029ec   Section        0  stm32f10x_tim.o(i.TIM_SetCompare2)
    i.TIM_SetCompare3                        0x080029f0   Section        0  stm32f10x_tim.o(i.TIM_SetCompare3)
    i.USART1_DMA_Rx_Config                   0x080029f4   Section        0  usart.o(i.USART1_DMA_Rx_Config)
    USART1_DMA_Rx_Config                     0x080029f5   Thumb Code    94  usart.o(i.USART1_DMA_Rx_Config)
    i.USART1_IRQHandler                      0x08002a60   Section        0  usart.o(i.USART1_IRQHandler)
    i.USART_ClearFlag                        0x08002a80   Section        0  stm32f10x_usart.o(i.USART_ClearFlag)
    i.USART_Cmd                              0x08002a92   Section        0  stm32f10x_usart.o(i.USART_Cmd)
    i.USART_DMACmd                           0x08002aaa   Section        0  stm32f10x_usart.o(i.USART_DMACmd)
    i.USART_GetITStatus                      0x08002abc   Section        0  stm32f10x_usart.o(i.USART_GetITStatus)
    i.USART_ITConfig                         0x08002b10   Section        0  stm32f10x_usart.o(i.USART_ITConfig)
    i.USART_Init                             0x08002b5c   Section        0  stm32f10x_usart.o(i.USART_Init)
    i.USART_ReceiveData                      0x08002c34   Section        0  stm32f10x_usart.o(i.USART_ReceiveData)
    i.__mathlib_dbl_overflow                 0x08002c3e   Section        0  dunder.o(i.__mathlib_dbl_overflow)
    i.__mathlib_dbl_underflow                0x08002c4c   Section        0  dunder.o(i.__mathlib_dbl_underflow)
    i.__mathlib_narrow                       0x08002c5c   Section        0  narrow.o(i.__mathlib_narrow)
    i.__mathlib_tofloat                      0x08002c6c   Section        0  narrow.o(i.__mathlib_tofloat)
    i.__support_ldexp                        0x08002d28   Section        0  ldexp.o(i.__support_ldexp)
    i._is_digit                              0x08002d3e   Section        0  __printf_wp.o(i._is_digit)
    i._sys_close                             0x08002d4c   Section        0  retarget_io.o(i._sys_close)
    i._sys_flen                              0x08002d72   Section        0  retarget_io.o(i._sys_flen)
    i._sys_istty                             0x08002d96   Section        0  retarget_io.o(i._sys_istty)
    i._sys_open                              0x08002dbc   Section        0  retarget_io.o(i._sys_open)
    i._sys_seek                              0x08002e24   Section        0  retarget_io.o(i._sys_seek)
    i._sys_write                             0x08002e50   Section        0  retarget_io.o(i._sys_write)
    i.allInitialize                          0x08002e96   Section        0  main.o(i.allInitialize)
    i.encoderInit                            0x08002eb8   Section        0  encoder.o(i.encoderInit)
    i.fputc                                  0x08002ec4   Section        0  fputc.o(i.fputc)
    i.frexp                                  0x08002ee0   Section        0  frexp.o(i.frexp)
    i.getDesireRPM                           0x08002f38   Section        0  main.o(i.getDesireRPM)
    i.getMotorB_rpm                          0x08002fc4   Section        0  encoder.o(i.getMotorB_rpm)
    i.getMotorC_rpm                          0x08003050   Section        0  encoder.o(i.getMotorC_rpm)
    i.ldexp                                  0x080030dc   Section        0  ldexp.o(i.ldexp)
    i.main                                   0x08003150   Section        0  main.o(i.main)
    i.motorPWMInit                           0x080031b4   Section        0  motor.o(i.motorPWMInit)
    i.sampleTimeInit                         0x08003298   Section        0  main.o(i.sampleTimeInit)
    i.stdout_putchar                         0x080032f0   Section        0  retarget_io.o(i.stdout_putchar)
    stdout_putchar                           0x080032f1   Thumb Code    12  retarget_io.o(i.stdout_putchar)
    i.strtof                                 0x080032fc   Section        0  strtof.o(i.strtof)
    i.updateMotor                            0x08003310   Section        0  main.o(i.updateMotor)
    i.updatePID_B                            0x0800336c   Section        0  pid.o(i.updatePID_B)
    i.updatePID_C                            0x080034d0   Section        0  pid.o(i.updatePID_C)
    i.usart1Init                             0x08003634   Section        0  usart.o(i.usart1Init)
    i.variablesInit                          0x080036e0   Section        0  main.o(i.variablesInit)
    locale$$code                             0x08003800   Section       44  lc_numeric_c.o(locale$$code)
    locale$$code                             0x0800382c   Section       44  lc_ctype_c.o(locale$$code)
    x$fpl$d2f                                0x08003858   Section       98  d2f.o(x$fpl$d2f)
    x$fpl$dadd                               0x080038bc   Section      336  daddsub_clz.o(x$fpl$dadd)
    _dadd1                                   0x080038cd   Thumb Code     0  daddsub_clz.o(x$fpl$dadd)
    x$fpl$dcheck1                            0x08003a0c   Section       16  dcheck1.o(x$fpl$dcheck1)
    x$fpl$dcmpinf                            0x08003a1c   Section       24  dcmpi.o(x$fpl$dcmpinf)
    x$fpl$ddiv                               0x08003a34   Section      688  ddiv.o(x$fpl$ddiv)
    ddiv_entry                               0x08003a3b   Thumb Code     0  ddiv.o(x$fpl$ddiv)
    x$fpl$deqf                               0x08003ce4   Section      120  deqf.o(x$fpl$deqf)
    x$fpl$dflt                               0x08003d5c   Section       46  dflt_clz.o(x$fpl$dflt)
    x$fpl$dleqf                              0x08003d8c   Section      120  dleqf.o(x$fpl$dleqf)
    x$fpl$dmul                               0x08003e04   Section      340  dmul.o(x$fpl$dmul)
    x$fpl$dnaninf                            0x08003f58   Section      156  dnaninf.o(x$fpl$dnaninf)
    x$fpl$dretinf                            0x08003ff4   Section       12  dretinf.o(x$fpl$dretinf)
    x$fpl$drleqf                             0x08004000   Section      108  drleqf.o(x$fpl$drleqf)
    x$fpl$dsub                               0x0800406c   Section      468  daddsub_clz.o(x$fpl$dsub)
    _dsub1                                   0x0800407d   Thumb Code     0  daddsub_clz.o(x$fpl$dsub)
    x$fpl$f2d                                0x08004240   Section       86  f2d.o(x$fpl$f2d)
    x$fpl$fadd                               0x08004298   Section      196  faddsub_clz.o(x$fpl$fadd)
    _fadd1                                   0x080042a7   Thumb Code     0  faddsub_clz.o(x$fpl$fadd)
    x$fpl$ffix                               0x0800435c   Section       54  ffix.o(x$fpl$ffix)
    x$fpl$fflt                               0x08004394   Section       48  fflt_clz.o(x$fpl$fflt)
    x$fpl$fmul                               0x080043c4   Section      258  fmul.o(x$fpl$fmul)
    x$fpl$fnaninf                            0x080044c6   Section      140  fnaninf.o(x$fpl$fnaninf)
    x$fpl$fretinf                            0x08004552   Section       10  fretinf.o(x$fpl$fretinf)
    x$fpl$fsub                               0x0800455c   Section      234  faddsub_clz.o(x$fpl$fsub)
    _fsub1                                   0x0800456b   Thumb Code     0  faddsub_clz.o(x$fpl$fsub)
    x$fpl$ieeestatus                         0x08004646   Section        6  istatus.o(x$fpl$ieeestatus)
    x$fpl$retnan                             0x0800464c   Section      100  retnan.o(x$fpl$retnan)
    x$fpl$scalbn                             0x080046b0   Section       92  scalbn.o(x$fpl$scalbn)
    x$fpl$scanf1                             0x0800470c   Section        4  scanf1.o(x$fpl$scanf1)
    x$fpl$scanf2                             0x08004710   Section        8  scanf2.o(x$fpl$scanf2)
    x$fpl$trapveneer                         0x08004718   Section       48  trapv.o(x$fpl$trapveneer)
    .constdata                               0x08004748   Section       23  retarget_io.o(.constdata)
    x$fpl$usenofp                            0x08004748   Section        0  usenofp.o(x$fpl$usenofp)
    .constdata                               0x08004760   Section      148  bigflt0.o(.constdata)
    tenpwrs_x                                0x08004760   Data          60  bigflt0.o(.constdata)
    tenpwrs_i                                0x0800479c   Data          64  bigflt0.o(.constdata)
    c$$dinf                                  0x08004814   Section        8  fpconst.o(c$$dinf)
    c$$dmax                                  0x0800481c   Section        8  fpconst.o(c$$dmax)
    locale$$data                             0x08004824   Section       28  lc_numeric_c.o(locale$$data)
    __lcnum_c_name                           0x08004828   Data           2  lc_numeric_c.o(locale$$data)
    __lcnum_c_start                          0x08004830   Data           0  lc_numeric_c.o(locale$$data)
    __lcnum_c_point                          0x0800483c   Data           0  lc_numeric_c.o(locale$$data)
    __lcnum_c_thousands                      0x0800483e   Data           0  lc_numeric_c.o(locale$$data)
    __lcnum_c_grouping                       0x0800483f   Data           0  lc_numeric_c.o(locale$$data)
    locale$$data                             0x08004840   Section      272  lc_ctype_c.o(locale$$data)
    __lcnum_c_end                            0x08004840   Data           0  lc_numeric_c.o(locale$$data)
    __lcctype_c_name                         0x08004844   Data           2  lc_ctype_c.o(locale$$data)
    __lcctype_c_start                        0x0800484c   Data           0  lc_ctype_c.o(locale$$data)
    __lcctype_c_end                          0x08004950   Data           0  lc_ctype_c.o(locale$$data)
    .data                                    0x20000000   Section      104  main.o(.data)
    .data                                    0x20000068   Section       24  encoder.o(.data)
    B_prev_count                             0x20000078   Data           4  encoder.o(.data)
    C_prev_count                             0x2000007c   Data           4  encoder.o(.data)
    .data                                    0x20000080   Section       22  pid.o(.data)
    prev_err                                 0x20000080   Data           4  pid.o(.data)
    integral_err                             0x20000084   Data           4  pid.o(.data)
    old_pwm                                  0x20000088   Data           2  pid.o(.data)
    prev_err                                 0x2000008c   Data           4  pid.o(.data)
    integral_err                             0x20000090   Data           4  pid.o(.data)
    old_pwm                                  0x20000094   Data           2  pid.o(.data)
    .data                                    0x20000096   Section       20  stm32f10x_rcc.o(.data)
    APBAHBPrescTable                         0x20000096   Data          16  stm32f10x_rcc.o(.data)
    ADCPrescTable                            0x200000a6   Data           4  stm32f10x_rcc.o(.data)
    .data                                    0x200000ac   Section        4  stdio_streams.o(.data)
    .data                                    0x200000b0   Section        4  stdio_streams.o(.data)
    .data                                    0x200000b4   Section        4  stdio_streams.o(.data)
    .bss                                     0x200000b8   Section     1048  main.o(.bss)
    .bss                                     0x200004d0   Section       84  stdio_streams.o(.bss)
    .bss                                     0x20000524   Section       84  stdio_streams.o(.bss)
    .bss                                     0x20000578   Section       84  stdio_streams.o(.bss)
    .bss                                     0x200005cc   Section       96  libspace.o(.bss)
    HEAP                                     0x20000630   Section      512  startup_stm32f10x_hd.o(HEAP)
    Heap_Mem                                 0x20000630   Data         512  startup_stm32f10x_hd.o(HEAP)
    STACK                                    0x20000830   Section     1024  startup_stm32f10x_hd.o(STACK)
    Stack_Mem                                0x20000830   Data        1024  startup_stm32f10x_hd.o(STACK)
    __initial_sp                             0x20000c30   Data           0  startup_stm32f10x_hd.o(STACK)

    Global Symbols

    Symbol Name                              Value     Ov Type        Size  Object(Section)

    BuildAttributes$$THM_ISAv4$P$D$K$B$S$PE$A:L22UL41UL21$X:L11$S22US41US21$IEEE1$IW$USESV6$~STKCKD$USESV7$~SHL$OTIME$ROPI$IEEEX$EBA8$UX$STANDARDLIB$REQ8$PRES8$EABIv2 0x00000000   Number         0  anon$$obj.o ABSOLUTE
    __ARM_use_no_argv                        0x00000000   Number         0  main.o ABSOLUTE
    __ARM_exceptions_init                     - Undefined Weak Reference
    __alloca_initialize                       - Undefined Weak Reference
    __arm_preinit_                            - Undefined Weak Reference
    __cpp_initialize__aeabi_                  - Undefined Weak Reference
    __cxa_finalize                            - Undefined Weak Reference
    __sigvec_lookup                           - Undefined Weak Reference
    __user_heap_extent                        - Undefined Weak Reference
    _atexit_init                              - Undefined Weak Reference
    _call_atexit_fns                          - Undefined Weak Reference
    _clock_init                               - Undefined Weak Reference
    _fp_trap_init                             - Undefined Weak Reference
    _fp_trap_shutdown                         - Undefined Weak Reference
    _get_lc_collate                           - Undefined Weak Reference
    _get_lc_monetary                          - Undefined Weak Reference
    _get_lc_time                              - Undefined Weak Reference
    _getenv_init                              - Undefined Weak Reference
    _handle_redirection                       - Undefined Weak Reference
    _mutex_acquire                            - Undefined Weak Reference
    _mutex_free                               - Undefined Weak Reference
    _mutex_release                            - Undefined Weak Reference
    _printf_post_padding                      - Undefined Weak Reference
    _printf_pre_padding                       - Undefined Weak Reference
    _printf_truncate_signed                   - Undefined Weak Reference
    _printf_truncate_unsigned                 - Undefined Weak Reference
    _rand_init                                - Undefined Weak Reference
    _signal_finish                            - Undefined Weak Reference
    _signal_init                              - Undefined Weak Reference
    __Vectors_Size                           0x00000130   Number         0  startup_stm32f10x_hd.o ABSOLUTE
    __Vectors                                0x08000000   Data           4  startup_stm32f10x_hd.o(RESET)
    __Vectors_End                            0x08000130   Data           0  startup_stm32f10x_hd.o(RESET)
    __main                                   0x08000131   Thumb Code     8  __main.o(!!!main)
    __scatterload                            0x08000139   Thumb Code     0  __scatter.o(!!!scatter)
    __scatterload_rt2                        0x08000139   Thumb Code    44  __scatter.o(!!!scatter)
    __scatterload_rt2_thumb_only             0x08000139   Thumb Code     0  __scatter.o(!!!scatter)
    __scatterload_null                       0x08000147   Thumb Code     0  __scatter.o(!!!scatter)
    __scatterload_copy                       0x0800016d   Thumb Code    26  __scatter_copy.o(!!handler_copy)
    __scatterload_zeroinit                   0x08000189   Thumb Code    28  __scatter_zi.o(!!handler_zi)
    _printf_d                                0x080001a5   Thumb Code     0  _printf_d.o(.ARM.Collect$$_printf_percent$$00000009)
    _printf_percent                          0x080001a5   Thumb Code     0  _printf_percent.o(.ARM.Collect$$_printf_percent$$00000000)
    _printf_percent_end                      0x080001ab   Thumb Code     0  _printf_percent_end.o(.ARM.Collect$$_printf_percent$$00000017)
    __rt_lib_init                            0x080001af   Thumb Code     0  libinit.o(.ARM.Collect$$libinit$$00000000)
    __rt_lib_init_fp_1                       0x080001b1   Thumb Code     0  libinit2.o(.ARM.Collect$$libinit$$00000002)
    __rt_lib_init_heap_2                     0x080001b1   Thumb Code     0  libinit2.o(.ARM.Collect$$libinit$$00000005)
    __rt_lib_init_preinit_1                  0x080001b1   Thumb Code     0  libinit2.o(.ARM.Collect$$libinit$$00000004)
    __rt_lib_init_heap_1                     0x080001b9   Thumb Code     0  libinit2.o(.ARM.Collect$$libinit$$0000000A)
    __rt_lib_init_lc_common                  0x080001b9   Thumb Code     0  libinit2.o(.ARM.Collect$$libinit$$0000000F)
    __rt_lib_init_rand_1                     0x080001b9   Thumb Code     0  libinit2.o(.ARM.Collect$$libinit$$0000000E)
    __rt_lib_init_user_alloc_1               0x080001b9   Thumb Code     0  libinit2.o(.ARM.Collect$$libinit$$0000000C)
    __rt_lib_init_lc_collate_1               0x080001bf   Thumb Code     0  libinit2.o(.ARM.Collect$$libinit$$00000011)
    __rt_lib_init_lc_ctype_2                 0x080001bf   Thumb Code     0  libinit2.o(.ARM.Collect$$libinit$$00000012)
    __rt_lib_init_lc_ctype_1                 0x080001cb   Thumb Code     0  libinit2.o(.ARM.Collect$$libinit$$00000013)
    __rt_lib_init_lc_monetary_1              0x080001cb   Thumb Code     0  libinit2.o(.ARM.Collect$$libinit$$00000015)
    __rt_lib_init_lc_numeric_2               0x080001cb   Thumb Code     0  libinit2.o(.ARM.Collect$$libinit$$00000016)
    __rt_lib_init_atexit_1                   0x080001d5   Thumb Code     0  libinit2.o(.ARM.Collect$$libinit$$0000001B)
    __rt_lib_init_clock_1                    0x080001d5   Thumb Code     0  libinit2.o(.ARM.Collect$$libinit$$00000021)
    __rt_lib_init_fp_trap_1                  0x080001d5   Thumb Code     0  libinit2.o(.ARM.Collect$$libinit$$0000001F)
    __rt_lib_init_getenv_1                   0x080001d5   Thumb Code     0  libinit2.o(.ARM.Collect$$libinit$$00000023)
    __rt_lib_init_lc_numeric_1               0x080001d5   Thumb Code     0  libinit2.o(.ARM.Collect$$libinit$$00000017)
    __rt_lib_init_lc_time_1                  0x080001d5   Thumb Code     0  libinit2.o(.ARM.Collect$$libinit$$00000019)
    __rt_lib_init_signal_1                   0x080001d5   Thumb Code     0  libinit2.o(.ARM.Collect$$libinit$$0000001D)
    __rt_lib_init_stdio_2                    0x080001d5   Thumb Code     0  libinit2.o(.ARM.Collect$$libinit$$00000024)
    __rt_lib_init_alloca_1                   0x080001d9   Thumb Code     0  libinit2.o(.ARM.Collect$$libinit$$0000002E)
    __rt_lib_init_argv_1                     0x080001d9   Thumb Code     0  libinit2.o(.ARM.Collect$$libinit$$0000002C)
    __rt_lib_init_cpp_1                      0x080001d9   Thumb Code     0  libinit2.o(.ARM.Collect$$libinit$$00000032)
    __rt_lib_init_exceptions_1               0x080001d9   Thumb Code     0  libinit2.o(.ARM.Collect$$libinit$$00000030)
    __rt_lib_init_return                     0x080001d9   Thumb Code     0  libinit2.o(.ARM.Collect$$libinit$$00000033)
    __rt_lib_init_stdio_1                    0x080001d9   Thumb Code     0  libinit2.o(.ARM.Collect$$libinit$$00000025)
    __rt_lib_shutdown                        0x080001db   Thumb Code     0  libshutdown.o(.ARM.Collect$$libshutdown$$00000000)
    __rt_lib_shutdown_cpp_1                  0x080001dd   Thumb Code     0  libshutdown2.o(.ARM.Collect$$libshutdown$$00000002)
    __rt_lib_shutdown_stdio_2                0x080001dd   Thumb Code     0  libshutdown2.o(.ARM.Collect$$libshutdown$$00000003)
    __rt_lib_shutdown_fp_trap_1              0x080001e1   Thumb Code     0  libshutdown2.o(.ARM.Collect$$libshutdown$$00000007)
    __rt_lib_shutdown_heap_1                 0x080001e1   Thumb Code     0  libshutdown2.o(.ARM.Collect$$libshutdown$$0000000F)
    __rt_lib_shutdown_return                 0x080001e1   Thumb Code     0  libshutdown2.o(.ARM.Collect$$libshutdown$$00000010)
    __rt_lib_shutdown_signal_1               0x080001e1   Thumb Code     0  libshutdown2.o(.ARM.Collect$$libshutdown$$0000000A)
    __rt_lib_shutdown_stdio_1                0x080001e1   Thumb Code     0  libshutdown2.o(.ARM.Collect$$libshutdown$$00000004)
    __rt_lib_shutdown_user_alloc_1           0x080001e1   Thumb Code     0  libshutdown2.o(.ARM.Collect$$libshutdown$$0000000C)
    __rt_entry                               0x080001e3   Thumb Code     0  __rtentry.o(.ARM.Collect$$rtentry$$00000000)
    __rt_entry_presh_1                       0x080001e3   Thumb Code     0  __rtentry2.o(.ARM.Collect$$rtentry$$00000002)
    __rt_entry_sh                            0x080001e3   Thumb Code     0  __rtentry4.o(.ARM.Collect$$rtentry$$00000004)
    __rt_entry_li                            0x080001e9   Thumb Code     0  __rtentry2.o(.ARM.Collect$$rtentry$$0000000A)
    __rt_entry_postsh_1                      0x080001e9   Thumb Code     0  __rtentry2.o(.ARM.Collect$$rtentry$$00000009)
    __rt_entry_main                          0x080001ed   Thumb Code     0  __rtentry2.o(.ARM.Collect$$rtentry$$0000000D)
    __rt_entry_postli_1                      0x080001ed   Thumb Code     0  __rtentry2.o(.ARM.Collect$$rtentry$$0000000C)
    __rt_exit                                0x080001f5   Thumb Code     0  rtexit.o(.ARM.Collect$$rtexit$$00000000)
    __rt_exit_ls                             0x080001f7   Thumb Code     0  rtexit2.o(.ARM.Collect$$rtexit$$00000003)
    __rt_exit_prels_1                        0x080001f7   Thumb Code     0  rtexit2.o(.ARM.Collect$$rtexit$$00000002)
    __rt_exit_exit                           0x080001fb   Thumb Code     0  rtexit2.o(.ARM.Collect$$rtexit$$00000004)
    Reset_Handler                            0x08000201   Thumb Code     8  startup_stm32f10x_hd.o(.text)
    _maybe_terminate_alloc                   0x08000201   Thumb Code     0  maybetermalloc1.o(.emb_text)
    NMI_Handler                              0x08000209   Thumb Code     2  startup_stm32f10x_hd.o(.text)
    HardFault_Handler                        0x0800020b   Thumb Code     2  startup_stm32f10x_hd.o(.text)
    MemManage_Handler                        0x0800020d   Thumb Code     2  startup_stm32f10x_hd.o(.text)
    BusFault_Handler                         0x0800020f   Thumb Code     2  startup_stm32f10x_hd.o(.text)
    UsageFault_Handler                       0x08000211   Thumb Code     2  startup_stm32f10x_hd.o(.text)
    SVC_Handler                              0x08000213   Thumb Code     2  startup_stm32f10x_hd.o(.text)
    DebugMon_Handler                         0x08000215   Thumb Code     2  startup_stm32f10x_hd.o(.text)
    PendSV_Handler                           0x08000217   Thumb Code     2  startup_stm32f10x_hd.o(.text)
    SysTick_Handler                          0x08000219   Thumb Code     2  startup_stm32f10x_hd.o(.text)
    ADC1_2_IRQHandler                        0x0800021b   Thumb Code     0  startup_stm32f10x_hd.o(.text)
    ADC3_IRQHandler                          0x0800021b   Thumb Code     0  startup_stm32f10x_hd.o(.text)
    CAN1_RX1_IRQHandler                      0x0800021b   Thumb Code     0  startup_stm32f10x_hd.o(.text)
    CAN1_SCE_IRQHandler                      0x0800021b   Thumb Code     0  startup_stm32f10x_hd.o(.text)
    DMA1_Channel1_IRQHandler                 0x0800021b   Thumb Code     0  startup_stm32f10x_hd.o(.text)
    DMA1_Channel2_IRQHandler                 0x0800021b   Thumb Code     0  startup_stm32f10x_hd.o(.text)
    DMA1_Channel3_IRQHandler                 0x0800021b   Thumb Code     0  startup_stm32f10x_hd.o(.text)
    DMA1_Channel4_IRQHandler                 0x0800021b   Thumb Code     0  startup_stm32f10x_hd.o(.text)
    DMA1_Channel5_IRQHandler                 0x0800021b   Thumb Code     0  startup_stm32f10x_hd.o(.text)
    DMA1_Channel6_IRQHandler                 0x0800021b   Thumb Code     0  startup_stm32f10x_hd.o(.text)
    DMA1_Channel7_IRQHandler                 0x0800021b   Thumb Code     0  startup_stm32f10x_hd.o(.text)
    DMA2_Channel1_IRQHandler                 0x0800021b   Thumb Code     0  startup_stm32f10x_hd.o(.text)
    DMA2_Channel2_IRQHandler                 0x0800021b   Thumb Code     0  startup_stm32f10x_hd.o(.text)
    DMA2_Channel3_IRQHandler                 0x0800021b   Thumb Code     0  startup_stm32f10x_hd.o(.text)
    DMA2_Channel4_5_IRQHandler               0x0800021b   Thumb Code     0  startup_stm32f10x_hd.o(.text)
    EXTI0_IRQHandler                         0x0800021b   Thumb Code     0  startup_stm32f10x_hd.o(.text)
    EXTI15_10_IRQHandler                     0x0800021b   Thumb Code     0  startup_stm32f10x_hd.o(.text)
    EXTI1_IRQHandler                         0x0800021b   Thumb Code     0  startup_stm32f10x_hd.o(.text)
    EXTI2_IRQHandler                         0x0800021b   Thumb Code     0  startup_stm32f10x_hd.o(.text)
    EXTI3_IRQHandler                         0x0800021b   Thumb Code     0  startup_stm32f10x_hd.o(.text)
    EXTI4_IRQHandler                         0x0800021b   Thumb Code     0  startup_stm32f10x_hd.o(.text)
    EXTI9_5_IRQHandler                       0x0800021b   Thumb Code     0  startup_stm32f10x_hd.o(.text)
    FLASH_IRQHandler                         0x0800021b   Thumb Code     0  startup_stm32f10x_hd.o(.text)
    FSMC_IRQHandler                          0x0800021b   Thumb Code     0  startup_stm32f10x_hd.o(.text)
    I2C1_ER_IRQHandler                       0x0800021b   Thumb Code     0  startup_stm32f10x_hd.o(.text)
    I2C1_EV_IRQHandler                       0x0800021b   Thumb Code     0  startup_stm32f10x_hd.o(.text)
    I2C2_ER_IRQHandler                       0x0800021b   Thumb Code     0  startup_stm32f10x_hd.o(.text)
    I2C2_EV_IRQHandler                       0x0800021b   Thumb Code     0  startup_stm32f10x_hd.o(.text)
    PVD_IRQHandler                           0x0800021b   Thumb Code     0  startup_stm32f10x_hd.o(.text)
    RCC_IRQHandler                           0x0800021b   Thumb Code     0  startup_stm32f10x_hd.o(.text)
    RTCAlarm_IRQHandler                      0x0800021b   Thumb Code     0  startup_stm32f10x_hd.o(.text)
    RTC_IRQHandler                           0x0800021b   Thumb Code     0  startup_stm32f10x_hd.o(.text)
    SDIO_IRQHandler                          0x0800021b   Thumb Code     0  startup_stm32f10x_hd.o(.text)
    SPI1_IRQHandler                          0x0800021b   Thumb Code     0  startup_stm32f10x_hd.o(.text)
    SPI2_IRQHandler                          0x0800021b   Thumb Code     0  startup_stm32f10x_hd.o(.text)
    SPI3_IRQHandler                          0x0800021b   Thumb Code     0  startup_stm32f10x_hd.o(.text)
    TAMPER_IRQHandler                        0x0800021b   Thumb Code     0  startup_stm32f10x_hd.o(.text)
    TIM1_BRK_IRQHandler                      0x0800021b   Thumb Code     0  startup_stm32f10x_hd.o(.text)
    TIM1_CC_IRQHandler                       0x0800021b   Thumb Code     0  startup_stm32f10x_hd.o(.text)
    TIM1_TRG_COM_IRQHandler                  0x0800021b   Thumb Code     0  startup_stm32f10x_hd.o(.text)
    TIM1_UP_IRQHandler                       0x0800021b   Thumb Code     0  startup_stm32f10x_hd.o(.text)
    TIM2_IRQHandler                          0x0800021b   Thumb Code     0  startup_stm32f10x_hd.o(.text)
    TIM3_IRQHandler                          0x0800021b   Thumb Code     0  startup_stm32f10x_hd.o(.text)
    TIM4_IRQHandler                          0x0800021b   Thumb Code     0  startup_stm32f10x_hd.o(.text)
    TIM5_IRQHandler                          0x0800021b   Thumb Code     0  startup_stm32f10x_hd.o(.text)
    TIM7_IRQHandler                          0x0800021b   Thumb Code     0  startup_stm32f10x_hd.o(.text)
    TIM8_BRK_IRQHandler                      0x0800021b   Thumb Code     0  startup_stm32f10x_hd.o(.text)
    TIM8_CC_IRQHandler                       0x0800021b   Thumb Code     0  startup_stm32f10x_hd.o(.text)
    TIM8_TRG_COM_IRQHandler                  0x0800021b   Thumb Code     0  startup_stm32f10x_hd.o(.text)
    TIM8_UP_IRQHandler                       0x0800021b   Thumb Code     0  startup_stm32f10x_hd.o(.text)
    UART4_IRQHandler                         0x0800021b   Thumb Code     0  startup_stm32f10x_hd.o(.text)
    UART5_IRQHandler                         0x0800021b   Thumb Code     0  startup_stm32f10x_hd.o(.text)
    USART2_IRQHandler                        0x0800021b   Thumb Code     0  startup_stm32f10x_hd.o(.text)
    USART3_IRQHandler                        0x0800021b   Thumb Code     0  startup_stm32f10x_hd.o(.text)
    USBWakeUp_IRQHandler                     0x0800021b   Thumb Code     0  startup_stm32f10x_hd.o(.text)
    USB_HP_CAN1_TX_IRQHandler                0x0800021b   Thumb Code     0  startup_stm32f10x_hd.o(.text)
    USB_LP_CAN1_RX0_IRQHandler               0x0800021b   Thumb Code     0  startup_stm32f10x_hd.o(.text)
    WWDG_IRQHandler                          0x0800021b   Thumb Code     0  startup_stm32f10x_hd.o(.text)
    __user_initial_stackheap                 0x0800021d   Thumb Code     0  startup_stm32f10x_hd.o(.text)
    malloc                                   0x08000241   Thumb Code    94  h1_alloc.o(.text)
    free                                     0x0800029f   Thumb Code    78  h1_free.o(.text)
    __2printf                                0x080002ed   Thumb Code    20  noretval__2printf.o(.text)
    __printf                                 0x08000305   Thumb Code   104  __printf.o(.text)
    _printf_int_dec                          0x0800036d   Thumb Code   104  _printf_dec.o(.text)
    __aeabi_memcpy                           0x080003e5   Thumb Code     0  rt_memcpy_v6.o(.text)
    __rt_memcpy                              0x080003e5   Thumb Code   138  rt_memcpy_v6.o(.text)
    _memcpy_lastbytes                        0x0800044b   Thumb Code     0  rt_memcpy_v6.o(.text)
    strcmp                                   0x08000471   Thumb Code   128  strcmpv7m.o(.text)
    __use_two_region_memory                  0x080004f1   Thumb Code     2  heapauxi.o(.text)
    __rt_heap_escrow                         0x080004f3   Thumb Code     2  heapauxi.o(.text)
    __rt_heap_expand                         0x080004f5   Thumb Code     2  heapauxi.o(.text)
    __rt_heap_descriptor                     0x080004f9   Thumb Code     8  rt_heap_descriptor_intlibspace.o(.text)
    __use_no_heap                            0x08000501   Thumb Code     2  hguard.o(.text)
    __heap$guard                             0x08000503   Thumb Code     2  hguard.o(.text)
    _terminate_user_alloc                    0x08000505   Thumb Code     2  init_alloc.o(.text)
    _init_user_alloc                         0x08000507   Thumb Code     2  init_alloc.o(.text)
    __Heap_Full                              0x08000509   Thumb Code    34  init_alloc.o(.text)
    __Heap_Broken                            0x0800052b   Thumb Code     6  init_alloc.o(.text)
    _init_alloc                              0x08000531   Thumb Code    94  init_alloc.o(.text)
    __Heap_Initialize                        0x0800058f   Thumb Code    10  h1_init.o(.text)
    __Heap_DescSize                          0x08000599   Thumb Code     4  h1_init.o(.text)
    _printf_int_common                       0x0800059d   Thumb Code   178  _printf_intcommon.o(.text)
    _printf_char_file                        0x08000651   Thumb Code    32  _printf_char_file.o(.text)
    __strtof_int                             0x08000675   Thumb Code    26  strtof.o(.text)
    __aeabi_memcpy4                          0x0800068f   Thumb Code     0  rt_memcpy_w.o(.text)
    __aeabi_memcpy8                          0x0800068f   Thumb Code     0  rt_memcpy_w.o(.text)
    __rt_memcpy_w                            0x0800068f   Thumb Code   100  rt_memcpy_w.o(.text)
    _memcpy_lastbytes_aligned                0x080006d7   Thumb Code     0  rt_memcpy_w.o(.text)
    __user_libspace                          0x080006f5   Thumb Code     8  libspace.o(.text)
    __user_perproc_libspace                  0x080006f5   Thumb Code     0  libspace.o(.text)
    __user_perthread_libspace                0x080006f5   Thumb Code     0  libspace.o(.text)
    __Heap_ProvideMemory                     0x080006fd   Thumb Code    52  h1_extend.o(.text)
    _printf_char_common                      0x0800073b   Thumb Code    32  _printf_char_common.o(.text)
    __strtod_int                             0x0800079d   Thumb Code    90  strtod.o(.text)
    ferror                                   0x08000805   Thumb Code     8  ferror.o(.text)
    _initio                                  0x0800080d   Thumb Code   210  initio.o(.text)
    _terminateio                             0x080008df   Thumb Code    56  initio.o(.text)
    __rt_SIGRTMEM                            0x08000945   Thumb Code    14  defsig_rtmem_outer.o(.text)
    __I$use$semihosting                      0x08000953   Thumb Code     0  use_no_semi.o(.text)
    __use_no_semihosting_swi                 0x08000953   Thumb Code     2  use_no_semi.o(.text)
    __semihosting_library_function           0x08000955   Thumb Code     0  indicate_semi.o(.text)
    __user_setup_stackheap                   0x08000955   Thumb Code    74  sys_stackheap_outer.o(.text)
    __read_errno                             0x0800099f   Thumb Code    10  _rserrno.o(.text)
    __set_errno                              0x080009a9   Thumb Code    12  _rserrno.o(.text)
    isspace                                  0x080009b5   Thumb Code    18  isspace.o(.text)
    _sgetc                                   0x080009c7   Thumb Code    30  _sgetc.o(.text)
    _sbackspace                              0x080009e5   Thumb Code    34  _sgetc.o(.text)
    __flsbuf                                 0x08000a07   Thumb Code   470  flsbuf.o(.text)
    __flsbuf_byte                            0x08000a07   Thumb Code     0  flsbuf.o(.text)
    __flsbuf_wide                            0x08000a07   Thumb Code     0  flsbuf.o(.text)
    setvbuf                                  0x08000bdd   Thumb Code    70  setvbuf.o(.text)
    freopen                                  0x08000c25   Thumb Code   158  fopen.o(.text)
    fopen                                    0x08000cc3   Thumb Code    74  fopen.o(.text)
    _fclose_internal                         0x08000d11   Thumb Code    76  fclose.o(.text)
    fclose                                   0x08000d11   Thumb Code     0  fclose.o(.text)
    exit                                     0x08000d5d   Thumb Code    18  exit.o(.text)
    __sig_exit                               0x08000d6f   Thumb Code    10  defsig_exit.o(.text)
    __rt_SIGRTRED                            0x08000d79   Thumb Code    14  defsig_rtred_outer.o(.text)
    __rt_SIGRTMEM_inner                      0x08000d89   Thumb Code    22  defsig_rtmem_inner.o(.text)
    __aeabi_memclr4                          0x08000dd9   Thumb Code     0  rt_memclr_w.o(.text)
    __aeabi_memclr8                          0x08000dd9   Thumb Code     0  rt_memclr_w.o(.text)
    __rt_memclr_w                            0x08000dd9   Thumb Code    78  rt_memclr_w.o(.text)
    _memset_w                                0x08000ddd   Thumb Code     0  rt_memclr_w.o(.text)
    _sys_exit                                0x08000e29   Thumb Code     8  sys_exit.o(.text)
    __rt_ctype_table                         0x08000e35   Thumb Code    16  rt_ctype_table.o(.text)
    __aeabi_errno_addr                       0x08000e45   Thumb Code     8  rt_errno_addr_intlibspace.o(.text)
    __errno$intlibspace                      0x08000e45   Thumb Code     0  rt_errno_addr_intlibspace.o(.text)
    __rt_errno_addr$intlibspace              0x08000e45   Thumb Code     0  rt_errno_addr_intlibspace.o(.text)
    _scanf_really_real                       0x08001099   Thumb Code   684  scanf_fp.o(.text)
    _fseek                                   0x08001345   Thumb Code   242  fseek.o(.text)
    fseek                                    0x08001345   Thumb Code     0  fseek.o(.text)
    _seterr                                  0x0800143d   Thumb Code    20  stdio.o(.text)
    _writebuf                                0x08001451   Thumb Code    84  stdio.o(.text)
    _fflush                                  0x080014a5   Thumb Code    70  stdio.o(.text)
    _deferredlazyseek                        0x080014eb   Thumb Code    60  stdio.o(.text)
    __default_signal_display                 0x0800152d   Thumb Code    50  defsig_general.o(.text)
    __rt_SIGRTRED_inner                      0x08001561   Thumb Code    14  defsig_rtred_inner.o(.text)
    _ttywrch                                 0x08001595   Thumb Code    14  sys_wrch.o(.text)
    __rt_locale                              0x080015a5   Thumb Code     8  rt_locale_intlibspace.o(.text)
    _btod_etento                             0x080015ad   Thumb Code   224  bigflt0.o(.text)
    _ftell_internal                          0x08001691   Thumb Code    66  ftell.o(.text)
    ftell                                    0x08001691   Thumb Code     0  ftell.o(.text)
    _scanf_really_hex_real                   0x080016d5   Thumb Code   786  scanf_hexfp.o(.text)
    _scanf_really_infnan                     0x080019f5   Thumb Code   292  scanf_infnan.o(.text)
    __aeabi_llsl                             0x08001b29   Thumb Code     0  llshl.o(.text)
    _ll_shift_l                              0x08001b29   Thumb Code    38  llshl.o(.text)
    _chval                                   0x08001b4f   Thumb Code    28  _chval.o(.text)
    __btod_div_common                        0x08001b6b   Thumb Code   696  btod.o(CL$$btod_div_common)
    _e2d                                     0x08001ea5   Thumb Code   122  btod.o(CL$$btod_e2d)
    _e2e                                     0x08001f29   Thumb Code   220  btod.o(CL$$btod_e2e)
    _btod_ediv                               0x08002005   Thumb Code    42  btod.o(CL$$btod_ediv)
    _btod_edivd                              0x0800202f   Thumb Code    42  btod.o(CL$$btod_edivd)
    _btod_emul                               0x08002059   Thumb Code    42  btod.o(CL$$btod_emul)
    _btod_emuld                              0x08002083   Thumb Code    42  btod.o(CL$$btod_emuld)
    __btod_mult_common                       0x080020ad   Thumb Code   580  btod.o(CL$$btod_mult_common)
    DMA_ClearFlag                            0x080022f1   Thumb Code    18  stm32f10x_dma.o(i.DMA_ClearFlag)
    DMA_Cmd                                  0x0800230d   Thumb Code    24  stm32f10x_dma.o(i.DMA_Cmd)
    DMA_GetCurrDataCounter                   0x08002325   Thumb Code     8  stm32f10x_dma.o(i.DMA_GetCurrDataCounter)
    DMA_ITConfig                             0x0800232d   Thumb Code    18  stm32f10x_dma.o(i.DMA_ITConfig)
    DMA_Init                                 0x0800233f   Thumb Code    60  stm32f10x_dma.o(i.DMA_Init)
    EncoderB_Init                            0x0800237d   Thumb Code   116  encoder.o(i.EncoderB_Init)
    EncoderC_Init                            0x080023fd   Thumb Code   100  encoder.o(i.EncoderC_Init)
    GPIO_Init                                0x0800246d   Thumb Code   278  stm32f10x_gpio.o(i.GPIO_Init)
    ITM_SendChar                             0x08002585   Thumb Code    42  retarget_io.o(i.ITM_SendChar)
    MotorGpio_Init                           0x080025b5   Thumb Code   146  motor.o(i.MotorGpio_Init)
    NVIC_Init                                0x0800268d   Thumb Code   100  misc.o(i.NVIC_Init)
    NVIC_PriorityGroupConfig                 0x080026fd   Thumb Code    10  misc.o(i.NVIC_PriorityGroupConfig)
    RCC_AHBPeriphClockCmd                    0x08002711   Thumb Code    26  stm32f10x_rcc.o(i.RCC_AHBPeriphClockCmd)
    RCC_APB2PeriphClockCmd                   0x08002731   Thumb Code    26  stm32f10x_rcc.o(i.RCC_APB2PeriphClockCmd)
    RCC_GetClocksFreq                        0x08002751   Thumb Code   192  stm32f10x_rcc.o(i.RCC_GetClocksFreq)
    Receive_DataPack                         0x08002825   Thumb Code    74  usart.o(i.Receive_DataPack)
    SystemInit                               0x08002969   Thumb Code    78  system_stm32f10x.o(i.SystemInit)
    TIM6_IRQHandler                          0x080029c9   Thumb Code    30  main.o(i.TIM6_IRQHandler)
    TIM_SetCompare2                          0x080029ed   Thumb Code     4  stm32f10x_tim.o(i.TIM_SetCompare2)
    TIM_SetCompare3                          0x080029f1   Thumb Code     4  stm32f10x_tim.o(i.TIM_SetCompare3)
    USART1_IRQHandler                        0x08002a61   Thumb Code    26  usart.o(i.USART1_IRQHandler)
    USART_ClearFlag                          0x08002a81   Thumb Code    18  stm32f10x_usart.o(i.USART_ClearFlag)
    USART_Cmd                                0x08002a93   Thumb Code    24  stm32f10x_usart.o(i.USART_Cmd)
    USART_DMACmd                             0x08002aab   Thumb Code    18  stm32f10x_usart.o(i.USART_DMACmd)
    USART_GetITStatus                        0x08002abd   Thumb Code    84  stm32f10x_usart.o(i.USART_GetITStatus)
    USART_ITConfig                           0x08002b11   Thumb Code    74  stm32f10x_usart.o(i.USART_ITConfig)
    USART_Init                               0x08002b5d   Thumb Code   210  stm32f10x_usart.o(i.USART_Init)
    USART_ReceiveData                        0x08002c35   Thumb Code    10  stm32f10x_usart.o(i.USART_ReceiveData)
    __mathlib_dbl_overflow                   0x08002c3f   Thumb Code    14  dunder.o(i.__mathlib_dbl_overflow)
    __mathlib_dbl_underflow                  0x08002c4d   Thumb Code    10  dunder.o(i.__mathlib_dbl_underflow)
    __mathlib_narrow                         0x08002c5d   Thumb Code    16  narrow.o(i.__mathlib_narrow)
    __mathlib_tofloat                        0x08002c6d   Thumb Code   184  narrow.o(i.__mathlib_tofloat)
    __support_ldexp                          0x08002d29   Thumb Code    22  ldexp.o(i.__support_ldexp)
    _is_digit                                0x08002d3f   Thumb Code    14  __printf_wp.o(i._is_digit)
    _sys_close                               0x08002d4d   Thumb Code    38  retarget_io.o(i._sys_close)
    _sys_flen                                0x08002d73   Thumb Code    36  retarget_io.o(i._sys_flen)
    _sys_istty                               0x08002d97   Thumb Code    36  retarget_io.o(i._sys_istty)
    _sys_open                                0x08002dbd   Thumb Code    80  retarget_io.o(i._sys_open)
    _sys_seek                                0x08002e25   Thumb Code    44  retarget_io.o(i._sys_seek)
    _sys_write                               0x08002e51   Thumb Code    70  retarget_io.o(i._sys_write)
    allInitialize                            0x08002e97   Thumb Code    34  main.o(i.allInitialize)
    encoderInit                              0x08002eb9   Thumb Code    12  encoder.o(i.encoderInit)
    fputc                                    0x08002ec5   Thumb Code    26  fputc.o(i.fputc)
    frexp                                    0x08002ee1   Thumb Code    80  frexp.o(i.frexp)
    getDesireRPM                             0x08002f39   Thumb Code   110  main.o(i.getDesireRPM)
    getMotorB_rpm                            0x08002fc5   Thumb Code   122  encoder.o(i.getMotorB_rpm)
    getMotorC_rpm                            0x08003051   Thumb Code   122  encoder.o(i.getMotorC_rpm)
    ldexp                                    0x080030dd   Thumb Code   116  ldexp.o(i.ldexp)
    main                                     0x08003151   Thumb Code    56  main.o(i.main)
    motorPWMInit                             0x080031b5   Thumb Code   216  motor.o(i.motorPWMInit)
    sampleTimeInit                           0x08003299   Thumb Code    78  main.o(i.sampleTimeInit)
    strtof                                   0x080032fd   Thumb Code    20  strtof.o(i.strtof)
    updateMotor                              0x08003311   Thumb Code    54  main.o(i.updateMotor)
    updatePID_B                              0x0800336d   Thumb Code   310  pid.o(i.updatePID_B)
    updatePID_C                              0x080034d1   Thumb Code   310  pid.o(i.updatePID_C)
    usart1Init                               0x08003635   Thumb Code   164  usart.o(i.usart1Init)
    variablesInit                            0x080036e1   Thumb Code   182  main.o(i.variablesInit)
    _get_lc_numeric                          0x08003801   Thumb Code    44  lc_numeric_c.o(locale$$code)
    _get_lc_ctype                            0x0800382d   Thumb Code    44  lc_ctype_c.o(locale$$code)
    __aeabi_d2f                              0x08003859   Thumb Code     0  d2f.o(x$fpl$d2f)
    _d2f                                     0x08003859   Thumb Code    98  d2f.o(x$fpl$d2f)
    __aeabi_dadd                             0x080038bd   Thumb Code     0  daddsub_clz.o(x$fpl$dadd)
    _dadd                                    0x080038bd   Thumb Code   332  daddsub_clz.o(x$fpl$dadd)
    __fpl_dcheck_NaN1                        0x08003a0d   Thumb Code    10  dcheck1.o(x$fpl$dcheck1)
    __fpl_dcmp_Inf                           0x08003a1d   Thumb Code    24  dcmpi.o(x$fpl$dcmpinf)
    __aeabi_ddiv                             0x08003a35   Thumb Code     0  ddiv.o(x$fpl$ddiv)
    _ddiv                                    0x08003a35   Thumb Code   552  ddiv.o(x$fpl$ddiv)
    __aeabi_cdcmpeq                          0x08003ce5   Thumb Code     0  deqf.o(x$fpl$deqf)
    _dcmpeq                                  0x08003ce5   Thumb Code   120  deqf.o(x$fpl$deqf)
    __aeabi_i2d                              0x08003d5d   Thumb Code     0  dflt_clz.o(x$fpl$dflt)
    _dflt                                    0x08003d5d   Thumb Code    46  dflt_clz.o(x$fpl$dflt)
    __aeabi_cdcmple                          0x08003d8d   Thumb Code     0  dleqf.o(x$fpl$dleqf)
    _dcmple                                  0x08003d8d   Thumb Code   120  dleqf.o(x$fpl$dleqf)
    __fpl_dcmple_InfNaN                      0x08003def   Thumb Code     0  dleqf.o(x$fpl$dleqf)
    __aeabi_dmul                             0x08003e05   Thumb Code     0  dmul.o(x$fpl$dmul)
    _dmul                                    0x08003e05   Thumb Code   332  dmul.o(x$fpl$dmul)
    __fpl_dnaninf                            0x08003f59   Thumb Code   156  dnaninf.o(x$fpl$dnaninf)
    __fpl_dretinf                            0x08003ff5   Thumb Code    12  dretinf.o(x$fpl$dretinf)
    __aeabi_cdrcmple                         0x08004001   Thumb Code     0  drleqf.o(x$fpl$drleqf)
    _drcmple                                 0x08004001   Thumb Code   108  drleqf.o(x$fpl$drleqf)
    __aeabi_dsub                             0x0800406d   Thumb Code     0  daddsub_clz.o(x$fpl$dsub)
    _dsub                                    0x0800406d   Thumb Code   464  daddsub_clz.o(x$fpl$dsub)
    __aeabi_f2d                              0x08004241   Thumb Code     0  f2d.o(x$fpl$f2d)
    _f2d                                     0x08004241   Thumb Code    86  f2d.o(x$fpl$f2d)
    __aeabi_fadd                             0x08004299   Thumb Code     0  faddsub_clz.o(x$fpl$fadd)
    _fadd                                    0x08004299   Thumb Code   196  faddsub_clz.o(x$fpl$fadd)
    __aeabi_f2iz                             0x0800435d   Thumb Code     0  ffix.o(x$fpl$ffix)
    _ffix                                    0x0800435d   Thumb Code    54  ffix.o(x$fpl$ffix)
    __aeabi_i2f                              0x08004395   Thumb Code     0  fflt_clz.o(x$fpl$fflt)
    _fflt                                    0x08004395   Thumb Code    48  fflt_clz.o(x$fpl$fflt)
    __aeabi_fmul                             0x080043c5   Thumb Code     0  fmul.o(x$fpl$fmul)
    _fmul                                    0x080043c5   Thumb Code   258  fmul.o(x$fpl$fmul)
    __fpl_fnaninf                            0x080044c7   Thumb Code   140  fnaninf.o(x$fpl$fnaninf)
    __fpl_fretinf                            0x08004553   Thumb Code    10  fretinf.o(x$fpl$fretinf)
    __aeabi_fsub                             0x0800455d   Thumb Code     0  faddsub_clz.o(x$fpl$fsub)
    _fsub                                    0x0800455d   Thumb Code   234  faddsub_clz.o(x$fpl$fsub)
    __ieee_status                            0x08004647   Thumb Code     6  istatus.o(x$fpl$ieeestatus)
    __fpl_return_NaN                         0x0800464d   Thumb Code   100  retnan.o(x$fpl$retnan)
    __ARM_scalbn                             0x080046b1   Thumb Code    92  scalbn.o(x$fpl$scalbn)
    _scanf_real                              0x0800470d   Thumb Code     4  scanf1.o(x$fpl$scanf1)
    _scanf_hex_real                          0x08004711   Thumb Code     4  scanf2.o(x$fpl$scanf2)
    _scanf_infnan                            0x08004715   Thumb Code     4  scanf2.o(x$fpl$scanf2)
    __fpl_cmpreturn                          0x08004719   Thumb Code    48  trapv.o(x$fpl$trapveneer)
    __I$use$fp                               0x08004748   Number         0  usenofp.o(x$fpl$usenofp)
    __stdin_name                             0x08004748   Data           7  retarget_io.o(.constdata)
    __stdout_name                            0x0800474f   Data           8  retarget_io.o(.constdata)
    __stderr_name                            0x08004757   Data           8  retarget_io.o(.constdata)
    Region$$Table$$Base                      0x080047f4   Number         0  anon$$obj.o(Region$$Table)
    Region$$Table$$Limit                     0x08004814   Number         0  anon$$obj.o(Region$$Table)
    __aeabi_HUGE_VAL                         0x08004814   Data           0  fpconst.o(c$$dinf)
    __aeabi_HUGE_VALL                        0x08004814   Data           0  fpconst.o(c$$dinf)
    __aeabi_INFINITY                         0x08004814   Data           0  fpconst.o(c$$dinf)
    __dInf                                   0x08004814   Data           0  fpconst.o(c$$dinf)
    __huge_val                               0x08004814   Data           0  fpconst.o(c$$dinf)
    __dbl_max                                0x0800481c   Data           0  fpconst.o(c$$dmax)
    __ctype                                  0x0800484d   Data           0  lc_ctype_c.o(locale$$data)
    pi                                       0x20000000   Data           4  main.o(.data)
    two_pi                                   0x20000004   Data           4  main.o(.data)
    right_desire_rpm                         0x20000008   Data           4  main.o(.data)
    left_desire_rpm                          0x2000000c   Data           4  main.o(.data)
    B_actual_rpm                             0x20000010   Data           4  main.o(.data)
    C_actual_rpm                             0x20000014   Data           4  main.o(.data)
    pulse_per_50ms_to_rpm                    0x20000018   Data           4  main.o(.data)
    meter_per_sec_to_rpm                     0x2000001c   Data           4  main.o(.data)
    lin_x                                    0x20000020   Data           4  main.o(.data)
    ang_z                                    0x20000024   Data           4  main.o(.data)
    base_width                               0x20000028   Data           4  main.o(.data)
    wheel_diameter                           0x2000002c   Data           4  main.o(.data)
    pulse_per_revolute                       0x20000030   Data           4  main.o(.data)
    B_Kp                                     0x20000034   Data           4  main.o(.data)
    B_Ki                                     0x20000038   Data           4  main.o(.data)
    B_Kd                                     0x2000003c   Data           4  main.o(.data)
    C_Kp                                     0x20000040   Data           4  main.o(.data)
    C_Ki                                     0x20000044   Data           4  main.o(.data)
    C_Kd                                     0x20000048   Data           4  main.o(.data)
    linear_velocity_constant                 0x2000004c   Data           4  main.o(.data)
    angular_velocity_constant                0x20000050   Data           4  main.o(.data)
    theta                                    0x20000054   Data           4  main.o(.data)
    x_pos                                    0x20000058   Data           4  main.o(.data)
    y_pos                                    0x2000005c   Data           4  main.o(.data)
    Rx_strLength                             0x20000060   Data           2  main.o(.data)
    setpoint                                 0x20000064   Data           4  main.o(.data)
    B_count                                  0x20000068   Data           8  encoder.o(.data)
    C_count                                  0x20000070   Data           8  encoder.o(.data)
    __aeabi_stdin                            0x200000ac   Data           4  stdio_streams.o(.data)
    __aeabi_stdout                           0x200000b0   Data           4  stdio_streams.o(.data)
    __aeabi_stderr                           0x200000b4   Data           4  stdio_streams.o(.data)
    Usart_Rx_Buf                             0x200000b8   Data          24  main.o(.bss)
    Received_Rx_Buf                          0x200000d0   Data          24  main.o(.bss)
    Usart_Tx_Buf                             0x200000e8   Data        1000  main.o(.bss)
    __stdin                                  0x200004d0   Data          84  stdio_streams.o(.bss)
    __stdout                                 0x20000524   Data          84  stdio_streams.o(.bss)
    __stderr                                 0x20000578   Data          84  stdio_streams.o(.bss)
    __libspace_start                         0x200005cc   Data          96  libspace.o(.bss)
    __temporary_stack_top$libspace           0x2000062c   Data           0  libspace.o(.bss)



==============================================================================

Memory Map of the image

  Image Entry point : 0x08000131

  Load Region LR_IROM1 (Base: 0x08000000, Size: 0x00004a08, Max: 0x00040000, ABSOLUTE)

    Execution Region ER_IROM1 (Exec base: 0x08000000, Load base: 0x08000000, Size: 0x00004950, Max: 0x00040000, ABSOLUTE)

    Exec Addr    Load Addr    Size         Type   Attr      Idx    E Section Name        Object

    0x08000000   0x08000000   0x00000130   Data   RO         1673    RESET               startup_stm32f10x_hd.o
    0x08000130   0x08000130   0x00000008   Code   RO         1824  * !!!main             c_w.l(__main.o)
    0x08000138   0x08000138   0x00000034   Code   RO         2282    !!!scatter          c_w.l(__scatter.o)
    0x0800016c   0x0800016c   0x0000001a   Code   RO         2284    !!handler_copy      c_w.l(__scatter_copy.o)
    0x08000186   0x08000186   0x00000002   PAD
    0x08000188   0x08000188   0x0000001c   Code   RO         2286    !!handler_zi        c_w.l(__scatter_zi.o)
    0x080001a4   0x080001a4   0x00000000   Code   RO         1817    .ARM.Collect$$_printf_percent$$00000000  c_w.l(_printf_percent.o)
    0x080001a4   0x080001a4   0x00000006   Code   RO         1816    .ARM.Collect$$_printf_percent$$00000009  c_w.l(_printf_d.o)
    0x080001aa   0x080001aa   0x00000004   Code   RO         1902    .ARM.Collect$$_printf_percent$$00000017  c_w.l(_printf_percent_end.o)
    0x080001ae   0x080001ae   0x00000002   Code   RO         2086    .ARM.Collect$$libinit$$00000000  c_w.l(libinit.o)
    0x080001b0   0x080001b0   0x00000000   Code   RO         1916    .ARM.Collect$$libinit$$00000002  c_w.l(libinit2.o)
    0x080001b0   0x080001b0   0x00000000   Code   RO         1918    .ARM.Collect$$libinit$$00000004  c_w.l(libinit2.o)
    0x080001b0   0x080001b0   0x00000008   Code   RO         1919    .ARM.Collect$$libinit$$00000005  c_w.l(libinit2.o)
    0x080001b8   0x080001b8   0x00000000   Code   RO         1921    .ARM.Collect$$libinit$$0000000A  c_w.l(libinit2.o)
    0x080001b8   0x080001b8   0x00000000   Code   RO         1923    .ARM.Collect$$libinit$$0000000C  c_w.l(libinit2.o)
    0x080001b8   0x080001b8   0x00000000   Code   RO         1925    .ARM.Collect$$libinit$$0000000E  c_w.l(libinit2.o)
    0x080001b8   0x080001b8   0x00000006   Code   RO         1926    .ARM.Collect$$libinit$$0000000F  c_w.l(libinit2.o)
    0x080001be   0x080001be   0x00000000   Code   RO         1928    .ARM.Collect$$libinit$$00000011  c_w.l(libinit2.o)
    0x080001be   0x080001be   0x0000000c   Code   RO         1929    .ARM.Collect$$libinit$$00000012  c_w.l(libinit2.o)
    0x080001ca   0x080001ca   0x00000000   Code   RO         1930    .ARM.Collect$$libinit$$00000013  c_w.l(libinit2.o)
    0x080001ca   0x080001ca   0x00000000   Code   RO         1932    .ARM.Collect$$libinit$$00000015  c_w.l(libinit2.o)
    0x080001ca   0x080001ca   0x0000000a   Code   RO         1933    .ARM.Collect$$libinit$$00000016  c_w.l(libinit2.o)
    0x080001d4   0x080001d4   0x00000000   Code   RO         1934    .ARM.Collect$$libinit$$00000017  c_w.l(libinit2.o)
    0x080001d4   0x080001d4   0x00000000   Code   RO         1936    .ARM.Collect$$libinit$$00000019  c_w.l(libinit2.o)
    0x080001d4   0x080001d4   0x00000000   Code   RO         1938    .ARM.Collect$$libinit$$0000001B  c_w.l(libinit2.o)
    0x080001d4   0x080001d4   0x00000000   Code   RO         1940    .ARM.Collect$$libinit$$0000001D  c_w.l(libinit2.o)
    0x080001d4   0x080001d4   0x00000000   Code   RO         1942    .ARM.Collect$$libinit$$0000001F  c_w.l(libinit2.o)
    0x080001d4   0x080001d4   0x00000000   Code   RO         1944    .ARM.Collect$$libinit$$00000021  c_w.l(libinit2.o)
    0x080001d4   0x080001d4   0x00000000   Code   RO         1946    .ARM.Collect$$libinit$$00000023  c_w.l(libinit2.o)
    0x080001d4   0x080001d4   0x00000004   Code   RO         1947    .ARM.Collect$$libinit$$00000024  c_w.l(libinit2.o)
    0x080001d8   0x080001d8   0x00000000   Code   RO         1948    .ARM.Collect$$libinit$$00000025  c_w.l(libinit2.o)
    0x080001d8   0x080001d8   0x00000000   Code   RO         1952    .ARM.Collect$$libinit$$0000002C  c_w.l(libinit2.o)
    0x080001d8   0x080001d8   0x00000000   Code   RO         1954    .ARM.Collect$$libinit$$0000002E  c_w.l(libinit2.o)
    0x080001d8   0x080001d8   0x00000000   Code   RO         1956    .ARM.Collect$$libinit$$00000030  c_w.l(libinit2.o)
    0x080001d8   0x080001d8   0x00000000   Code   RO         1958    .ARM.Collect$$libinit$$00000032  c_w.l(libinit2.o)
    0x080001d8   0x080001d8   0x00000002   Code   RO         1959    .ARM.Collect$$libinit$$00000033  c_w.l(libinit2.o)
    0x080001da   0x080001da   0x00000002   Code   RO         2244    .ARM.Collect$$libshutdown$$00000000  c_w.l(libshutdown.o)
    0x080001dc   0x080001dc   0x00000000   Code   RO         2088    .ARM.Collect$$libshutdown$$00000002  c_w.l(libshutdown2.o)
    0x080001dc   0x080001dc   0x00000004   Code   RO         2089    .ARM.Collect$$libshutdown$$00000003  c_w.l(libshutdown2.o)
    0x080001e0   0x080001e0   0x00000000   Code   RO         2090    .ARM.Collect$$libshutdown$$00000004  c_w.l(libshutdown2.o)
    0x080001e0   0x080001e0   0x00000000   Code   RO         2093    .ARM.Collect$$libshutdown$$00000007  c_w.l(libshutdown2.o)
    0x080001e0   0x080001e0   0x00000000   Code   RO         2096    .ARM.Collect$$libshutdown$$0000000A  c_w.l(libshutdown2.o)
    0x080001e0   0x080001e0   0x00000000   Code   RO         2098    .ARM.Collect$$libshutdown$$0000000C  c_w.l(libshutdown2.o)
    0x080001e0   0x080001e0   0x00000000   Code   RO         2101    .ARM.Collect$$libshutdown$$0000000F  c_w.l(libshutdown2.o)
    0x080001e0   0x080001e0   0x00000002   Code   RO         2102    .ARM.Collect$$libshutdown$$00000010  c_w.l(libshutdown2.o)
    0x080001e2   0x080001e2   0x00000000   Code   RO         1872    .ARM.Collect$$rtentry$$00000000  c_w.l(__rtentry.o)
    0x080001e2   0x080001e2   0x00000000   Code   RO         1975    .ARM.Collect$$rtentry$$00000002  c_w.l(__rtentry2.o)
    0x080001e2   0x080001e2   0x00000006   Code   RO         1987    .ARM.Collect$$rtentry$$00000004  c_w.l(__rtentry4.o)
    0x080001e8   0x080001e8   0x00000000   Code   RO         1977    .ARM.Collect$$rtentry$$00000009  c_w.l(__rtentry2.o)
    0x080001e8   0x080001e8   0x00000004   Code   RO         1978    .ARM.Collect$$rtentry$$0000000A  c_w.l(__rtentry2.o)
    0x080001ec   0x080001ec   0x00000000   Code   RO         1980    .ARM.Collect$$rtentry$$0000000C  c_w.l(__rtentry2.o)
    0x080001ec   0x080001ec   0x00000008   Code   RO         1981    .ARM.Collect$$rtentry$$0000000D  c_w.l(__rtentry2.o)
    0x080001f4   0x080001f4   0x00000002   Code   RO         2119    .ARM.Collect$$rtexit$$00000000  c_w.l(rtexit.o)
    0x080001f6   0x080001f6   0x00000000   Code   RO         2161    .ARM.Collect$$rtexit$$00000002  c_w.l(rtexit2.o)
    0x080001f6   0x080001f6   0x00000004   Code   RO         2162    .ARM.Collect$$rtexit$$00000003  c_w.l(rtexit2.o)
    0x080001fa   0x080001fa   0x00000006   Code   RO         2163    .ARM.Collect$$rtexit$$00000004  c_w.l(rtexit2.o)
    0x08000200   0x08000200   0x00000000   Code   RO         1991    .emb_text           c_w.l(maybetermalloc1.o)
    0x08000200   0x08000200   0x00000040   Code   RO         1674    .text               startup_stm32f10x_hd.o
    0x08000240   0x08000240   0x0000005e   Code   RO         1730    .text               c_w.l(h1_alloc.o)
    0x0800029e   0x0800029e   0x0000004e   Code   RO         1732    .text               c_w.l(h1_free.o)
    0x080002ec   0x080002ec   0x00000018   Code   RO         1790    .text               c_w.l(noretval__2printf.o)
    0x08000304   0x08000304   0x00000068   Code   RO         1792    .text               c_w.l(__printf.o)
    0x0800036c   0x0800036c   0x00000078   Code   RO         1794    .text               c_w.l(_printf_dec.o)
    0x080003e4   0x080003e4   0x0000008a   Code   RO         1818    .text               c_w.l(rt_memcpy_v6.o)
    0x0800046e   0x0800046e   0x00000002   PAD
    0x08000470   0x08000470   0x00000080   Code   RO         1820    .text               c_w.l(strcmpv7m.o)
    0x080004f0   0x080004f0   0x00000006   Code   RO         1822    .text               c_w.l(heapauxi.o)
    0x080004f6   0x080004f6   0x00000002   PAD
    0x080004f8   0x080004f8   0x00000008   Code   RO         1876    .text               c_w.l(rt_heap_descriptor_intlibspace.o)
    0x08000500   0x08000500   0x00000004   Code   RO         1878    .text               c_w.l(hguard.o)
    0x08000504   0x08000504   0x0000008a   Code   RO         1880    .text               c_w.l(init_alloc.o)
    0x0800058e   0x0800058e   0x0000000e   Code   RO         1884    .text               c_w.l(h1_init.o)
    0x0800059c   0x0800059c   0x000000b2   Code   RO         1898    .text               c_w.l(_printf_intcommon.o)
    0x0800064e   0x0800064e   0x00000002   PAD
    0x08000650   0x08000650   0x00000024   Code   RO         1900    .text               c_w.l(_printf_char_file.o)
    0x08000674   0x08000674   0x0000001a   Code   RO         1903    .text               c_w.l(strtof.o)
    0x0800068e   0x0800068e   0x00000064   Code   RO         1911    .text               c_w.l(rt_memcpy_w.o)
    0x080006f2   0x080006f2   0x00000002   PAD
    0x080006f4   0x080006f4   0x00000008   Code   RO         1971    .text               c_w.l(libspace.o)
    0x080006fc   0x080006fc   0x00000034   Code   RO         1993    .text               c_w.l(h1_extend.o)
    0x08000730   0x08000730   0x00000030   Code   RO         1997    .text               c_w.l(_printf_char_common.o)
    0x08000760   0x08000760   0x000000a4   Code   RO         1999    .text               c_w.l(strtod.o)
    0x08000804   0x08000804   0x00000008   Code   RO         2001    .text               c_w.l(ferror.o)
    0x0800080c   0x0800080c   0x00000138   Code   RO         2007    .text               c_w.l(initio.o)
    0x08000944   0x08000944   0x0000000e   Code   RO         2015    .text               c_w.l(defsig_rtmem_outer.o)
    0x08000952   0x08000952   0x00000002   Code   RO         2032    .text               c_w.l(use_no_semi.o)
    0x08000954   0x08000954   0x00000000   Code   RO         2034    .text               c_w.l(indicate_semi.o)
    0x08000954   0x08000954   0x0000004a   Code   RO         2035    .text               c_w.l(sys_stackheap_outer.o)
    0x0800099e   0x0800099e   0x00000016   Code   RO         2041    .text               c_w.l(_rserrno.o)
    0x080009b4   0x080009b4   0x00000012   Code   RO         2043    .text               c_w.l(isspace.o)
    0x080009c6   0x080009c6   0x00000040   Code   RO         2047    .text               c_w.l(_sgetc.o)
    0x08000a06   0x08000a06   0x000001d6   Code   RO         2049    .text               c_w.l(flsbuf.o)
    0x08000bdc   0x08000bdc   0x00000046   Code   RO         2051    .text               c_w.l(setvbuf.o)
    0x08000c22   0x08000c22   0x00000002   PAD
    0x08000c24   0x08000c24   0x000000ec   Code   RO         2054    .text               c_w.l(fopen.o)
    0x08000d10   0x08000d10   0x0000004c   Code   RO         2056    .text               c_w.l(fclose.o)
    0x08000d5c   0x08000d5c   0x00000012   Code   RO         2065    .text               c_w.l(exit.o)
    0x08000d6e   0x08000d6e   0x0000000a   Code   RO         2067    .text               c_w.l(defsig_exit.o)
    0x08000d78   0x08000d78   0x0000000e   Code   RO         2069    .text               c_w.l(defsig_rtred_outer.o)
    0x08000d86   0x08000d86   0x00000002   PAD
    0x08000d88   0x08000d88   0x00000050   Code   RO         2073    .text               c_w.l(defsig_rtmem_inner.o)
    0x08000dd8   0x08000dd8   0x0000004e   Code   RO         2075    .text               c_w.l(rt_memclr_w.o)
    0x08000e26   0x08000e26   0x00000002   PAD
    0x08000e28   0x08000e28   0x0000000c   Code   RO         2117    .text               c_w.l(sys_exit.o)
    0x08000e34   0x08000e34   0x00000010   Code   RO         2121    .text               c_w.l(rt_ctype_table.o)
    0x08000e44   0x08000e44   0x00000008   Code   RO         2126    .text               c_w.l(rt_errno_addr_intlibspace.o)
    0x08000e4c   0x08000e4c   0x000004f8   Code   RO         2134    .text               c_w.l(scanf_fp.o)
    0x08001344   0x08001344   0x000000f8   Code   RO         2136    .text               c_w.l(fseek.o)
    0x0800143c   0x0800143c   0x000000f0   Code   RO         2138    .text               c_w.l(stdio.o)
    0x0800152c   0x0800152c   0x00000032   Code   RO         2146    .text               c_w.l(defsig_general.o)
    0x0800155e   0x0800155e   0x00000002   PAD
    0x08001560   0x08001560   0x00000034   Code   RO         2148    .text               c_w.l(defsig_rtred_inner.o)
    0x08001594   0x08001594   0x0000000e   Code   RO         2158    .text               c_w.l(sys_wrch.o)
    0x080015a2   0x080015a2   0x00000002   PAD
    0x080015a4   0x080015a4   0x00000008   Code   RO         2170    .text               c_w.l(rt_locale_intlibspace.o)
    0x080015ac   0x080015ac   0x000000e4   Code   RO         2172    .text               c_w.l(bigflt0.o)
    0x08001690   0x08001690   0x00000042   Code   RO         2201    .text               c_w.l(ftell.o)
    0x080016d2   0x080016d2   0x00000002   PAD
    0x080016d4   0x080016d4   0x00000320   Code   RO         2224    .text               c_w.l(scanf_hexfp.o)
    0x080019f4   0x080019f4   0x00000134   Code   RO         2226    .text               c_w.l(scanf_infnan.o)
    0x08001b28   0x08001b28   0x00000026   Code   RO         2247    .text               c_w.l(llshl.o)
    0x08001b4e   0x08001b4e   0x0000001c   Code   RO         2249    .text               c_w.l(_chval.o)
    0x08001b6a   0x08001b6a   0x00000338   Code   RO         2185    CL$$btod_div_common  c_w.l(btod.o)
    0x08001ea2   0x08001ea2   0x00000002   PAD
    0x08001ea4   0x08001ea4   0x00000084   Code   RO         2183    CL$$btod_e2d        c_w.l(btod.o)
    0x08001f28   0x08001f28   0x000000dc   Code   RO         2182    CL$$btod_e2e        c_w.l(btod.o)
    0x08002004   0x08002004   0x0000002a   Code   RO         2179    CL$$btod_ediv       c_w.l(btod.o)
    0x0800202e   0x0800202e   0x0000002a   Code   RO         2181    CL$$btod_edivd      c_w.l(btod.o)
    0x08002058   0x08002058   0x0000002a   Code   RO         2178    CL$$btod_emul       c_w.l(btod.o)
    0x08002082   0x08002082   0x0000002a   Code   RO         2180    CL$$btod_emuld      c_w.l(btod.o)
    0x080020ac   0x080020ac   0x00000244   Code   RO         2184    CL$$btod_mult_common  c_w.l(btod.o)
    0x080022f0   0x080022f0   0x0000001c   Code   RO          500    i.DMA_ClearFlag     stm32f10x_dma.o
    0x0800230c   0x0800230c   0x00000018   Code   RO          502    i.DMA_Cmd           stm32f10x_dma.o
    0x08002324   0x08002324   0x00000008   Code   RO          504    i.DMA_GetCurrDataCounter  stm32f10x_dma.o
    0x0800232c   0x0800232c   0x00000012   Code   RO          507    i.DMA_ITConfig      stm32f10x_dma.o
    0x0800233e   0x0800233e   0x0000003c   Code   RO          508    i.DMA_Init          stm32f10x_dma.o
    0x0800237a   0x0800237a   0x00000002   PAD
    0x0800237c   0x0800237c   0x00000080   Code   RO          206    i.EncoderB_Init     encoder.o
    0x080023fc   0x080023fc   0x00000070   Code   RO          207    i.EncoderC_Init     encoder.o
    0x0800246c   0x0800246c   0x00000116   Code   RO          590    i.GPIO_Init         stm32f10x_gpio.o
    0x08002582   0x08002582   0x00000002   PAD
    0x08002584   0x08002584   0x00000030   Code   RO          365    i.ITM_SendChar      retarget_io.o
    0x080025b4   0x080025b4   0x000000ac   Code   RO          157    i.MotorGpio_Init    motor.o
    0x08002660   0x08002660   0x0000002a   Code   RO          296    i.NVIC_Configuration  usart.o
    0x0800268a   0x0800268a   0x00000002   PAD
    0x0800268c   0x0800268c   0x00000070   Code   RO          452    i.NVIC_Init         misc.o
    0x080026fc   0x080026fc   0x00000014   Code   RO          453    i.NVIC_PriorityGroupConfig  misc.o
    0x08002710   0x08002710   0x00000020   Code   RO          711    i.RCC_AHBPeriphClockCmd  stm32f10x_rcc.o
    0x08002730   0x08002730   0x00000020   Code   RO          714    i.RCC_APB2PeriphClockCmd  stm32f10x_rcc.o
    0x08002750   0x08002750   0x000000d4   Code   RO          722    i.RCC_GetClocksFreq  stm32f10x_rcc.o
    0x08002824   0x08002824   0x0000005c   Code   RO          297    i.Receive_DataPack  usart.o
    0x08002880   0x08002880   0x00000008   Code   RO         1681    i.SetSysClock       system_stm32f10x.o
    0x08002888   0x08002888   0x000000e0   Code   RO         1682    i.SetSysClockTo72   system_stm32f10x.o
    0x08002968   0x08002968   0x00000060   Code   RO         1684    i.SystemInit        system_stm32f10x.o
    0x080029c8   0x080029c8   0x00000024   Code   RO            4    i.TIM6_IRQHandler   main.o
    0x080029ec   0x080029ec   0x00000004   Code   RO         1000    i.TIM_SetCompare2   stm32f10x_tim.o
    0x080029f0   0x080029f0   0x00000004   Code   RO         1001    i.TIM_SetCompare3   stm32f10x_tim.o
    0x080029f4   0x080029f4   0x0000006c   Code   RO          298    i.USART1_DMA_Rx_Config  usart.o
    0x08002a60   0x08002a60   0x00000020   Code   RO          299    i.USART1_IRQHandler  usart.o
    0x08002a80   0x08002a80   0x00000012   Code   RO         1482    i.USART_ClearFlag   stm32f10x_usart.o
    0x08002a92   0x08002a92   0x00000018   Code   RO         1486    i.USART_Cmd         stm32f10x_usart.o
    0x08002aaa   0x08002aaa   0x00000012   Code   RO         1487    i.USART_DMACmd      stm32f10x_usart.o
    0x08002abc   0x08002abc   0x00000054   Code   RO         1490    i.USART_GetITStatus  stm32f10x_usart.o
    0x08002b10   0x08002b10   0x0000004a   Code   RO         1492    i.USART_ITConfig    stm32f10x_usart.o
    0x08002b5a   0x08002b5a   0x00000002   PAD
    0x08002b5c   0x08002b5c   0x000000d8   Code   RO         1493    i.USART_Init        stm32f10x_usart.o
    0x08002c34   0x08002c34   0x0000000a   Code   RO         1500    i.USART_ReceiveData  stm32f10x_usart.o
    0x08002c3e   0x08002c3e   0x0000000e   Code   RO         2269    i.__mathlib_dbl_overflow  m_ws.l(dunder.o)
    0x08002c4c   0x08002c4c   0x00000010   Code   RO         2271    i.__mathlib_dbl_underflow  m_ws.l(dunder.o)
    0x08002c5c   0x08002c5c   0x00000010   Code   RO         2026    i.__mathlib_narrow  m_ws.l(narrow.o)
    0x08002c6c   0x08002c6c   0x000000bc   Code   RO         2027    i.__mathlib_tofloat  m_ws.l(narrow.o)
    0x08002d28   0x08002d28   0x00000016   Code   RO         2254    i.__support_ldexp   m_ws.l(ldexp.o)
    0x08002d3e   0x08002d3e   0x0000000e   Code   RO         1806    i._is_digit         c_w.l(__printf_wp.o)
    0x08002d4c   0x08002d4c   0x00000026   Code   RO          366    i._sys_close        retarget_io.o
    0x08002d72   0x08002d72   0x00000024   Code   RO          367    i._sys_flen         retarget_io.o
    0x08002d96   0x08002d96   0x00000024   Code   RO          368    i._sys_istty        retarget_io.o
    0x08002dba   0x08002dba   0x00000002   PAD
    0x08002dbc   0x08002dbc   0x00000068   Code   RO          369    i._sys_open         retarget_io.o
    0x08002e24   0x08002e24   0x0000002c   Code   RO          371    i._sys_seek         retarget_io.o
    0x08002e50   0x08002e50   0x00000046   Code   RO          372    i._sys_write        retarget_io.o
    0x08002e96   0x08002e96   0x00000022   Code   RO            6    i.allInitialize     main.o
    0x08002eb8   0x08002eb8   0x0000000c   Code   RO          208    i.encoderInit       encoder.o
    0x08002ec4   0x08002ec4   0x0000001a   Code   RO         2004    i.fputc             c_w.l(fputc.o)
    0x08002ede   0x08002ede   0x00000002   PAD
    0x08002ee0   0x08002ee0   0x00000058   Code   RO         2114    i.frexp             m_ws.l(frexp.o)
    0x08002f38   0x08002f38   0x0000008c   Code   RO            7    i.getDesireRPM      main.o
    0x08002fc4   0x08002fc4   0x0000008c   Code   RO          209    i.getMotorB_rpm     encoder.o
    0x08003050   0x08003050   0x0000008c   Code   RO          210    i.getMotorC_rpm     encoder.o
    0x080030dc   0x080030dc   0x00000074   Code   RO         2255    i.ldexp             m_ws.l(ldexp.o)
    0x08003150   0x08003150   0x00000064   Code   RO            8    i.main              main.o
    0x080031b4   0x080031b4   0x000000e4   Code   RO          158    i.motorPWMInit      motor.o
    0x08003298   0x08003298   0x00000058   Code   RO            9    i.sampleTimeInit    main.o
    0x080032f0   0x080032f0   0x0000000c   Code   RO          373    i.stdout_putchar    retarget_io.o
    0x080032fc   0x080032fc   0x00000014   Code   RO         1867    i.strtof            m_ws.l(strtof.o)
    0x08003310   0x08003310   0x0000005c   Code   RO           10    i.updateMotor       main.o
    0x0800336c   0x0800336c   0x00000164   Code   RO          261    i.updatePID_B       pid.o
    0x080034d0   0x080034d0   0x00000164   Code   RO          262    i.updatePID_C       pid.o
    0x08003634   0x08003634   0x000000ac   Code   RO          303    i.usart1Init        usart.o
    0x080036e0   0x080036e0   0x00000120   Code   RO           11    i.variablesInit     main.o
    0x08003800   0x08003800   0x0000002c   Code   RO         2063    locale$$code        c_w.l(lc_numeric_c.o)
    0x0800382c   0x0800382c   0x0000002c   Code   RO         2208    locale$$code        c_w.l(lc_ctype_c.o)
    0x08003858   0x08003858   0x00000062   Code   RO         1826    x$fpl$d2f           fz_ws.l(d2f.o)
    0x080038ba   0x080038ba   0x00000002   PAD
    0x080038bc   0x080038bc   0x00000150   Code   RO         1828    x$fpl$dadd          fz_ws.l(daddsub_clz.o)
    0x08003a0c   0x08003a0c   0x00000010   Code   RO         2212    x$fpl$dcheck1       fz_ws.l(dcheck1.o)
    0x08003a1c   0x08003a1c   0x00000018   Code   RO         2152    x$fpl$dcmpinf       fz_ws.l(dcmpi.o)
    0x08003a34   0x08003a34   0x000002b0   Code   RO         1835    x$fpl$ddiv          fz_ws.l(ddiv.o)
    0x08003ce4   0x08003ce4   0x00000078   Code   RO         2105    x$fpl$deqf          fz_ws.l(deqf.o)
    0x08003d5c   0x08003d5c   0x0000002e   Code   RO         1839    x$fpl$dflt          fz_ws.l(dflt_clz.o)
    0x08003d8a   0x08003d8a   0x00000002   PAD
    0x08003d8c   0x08003d8c   0x00000078   Code   RO         2154    x$fpl$dleqf         fz_ws.l(dleqf.o)
    0x08003e04   0x08003e04   0x00000154   Code   RO         1844    x$fpl$dmul          fz_ws.l(dmul.o)
    0x08003f58   0x08003f58   0x0000009c   Code   RO         1960    x$fpl$dnaninf       fz_ws.l(dnaninf.o)
    0x08003ff4   0x08003ff4   0x0000000c   Code   RO         1962    x$fpl$dretinf       fz_ws.l(dretinf.o)
    0x08004000   0x08004000   0x0000006c   Code   RO         2107    x$fpl$drleqf        fz_ws.l(drleqf.o)
    0x0800406c   0x0800406c   0x000001d4   Code   RO         1830    x$fpl$dsub          fz_ws.l(daddsub_clz.o)
    0x08004240   0x08004240   0x00000056   Code   RO         1846    x$fpl$f2d           fz_ws.l(f2d.o)
    0x08004296   0x08004296   0x00000002   PAD
    0x08004298   0x08004298   0x000000c4   Code   RO         1848    x$fpl$fadd          fz_ws.l(faddsub_clz.o)
    0x0800435c   0x0800435c   0x00000036   Code   RO         1854    x$fpl$ffix          fz_ws.l(ffix.o)
    0x08004392   0x08004392   0x00000002   PAD
    0x08004394   0x08004394   0x00000030   Code   RO         1859    x$fpl$fflt          fz_ws.l(fflt_clz.o)
    0x080043c4   0x080043c4   0x00000102   Code   RO         1864    x$fpl$fmul          fz_ws.l(fmul.o)
    0x080044c6   0x080044c6   0x0000008c   Code   RO         1964    x$fpl$fnaninf       fz_ws.l(fnaninf.o)
    0x08004552   0x08004552   0x0000000a   Code   RO         1966    x$fpl$fretinf       fz_ws.l(fretinf.o)
    0x0800455c   0x0800455c   0x000000ea   Code   RO         1850    x$fpl$fsub          fz_ws.l(faddsub_clz.o)
    0x08004646   0x08004646   0x00000006   Code   RO         2109    x$fpl$ieeestatus    fz_ws.l(istatus.o)
    0x0800464c   0x0800464c   0x00000064   Code   RO         2245    x$fpl$retnan        fz_ws.l(retnan.o)
    0x080046b0   0x080046b0   0x0000005c   Code   RO         2156    x$fpl$scalbn        fz_ws.l(scalbn.o)
    0x0800470c   0x0800470c   0x00000004   Code   RO         2111    x$fpl$scanf1        fz_ws.l(scanf1.o)
    0x08004710   0x08004710   0x00000008   Code   RO         2218    x$fpl$scanf2        fz_ws.l(scanf2.o)
    0x08004718   0x08004718   0x00000030   Code   RO         2251    x$fpl$trapveneer    fz_ws.l(trapv.o)
    0x08004748   0x08004748   0x00000000   Code   RO         1968    x$fpl$usenofp       fz_ws.l(usenofp.o)
    0x08004748   0x08004748   0x00000017   Data   RO          374    .constdata          retarget_io.o
    0x0800475f   0x0800475f   0x00000001   PAD
    0x08004760   0x08004760   0x00000094   Data   RO         2173    .constdata          c_w.l(bigflt0.o)
    0x080047f4   0x080047f4   0x00000020   Data   RO         2280    Region$$Table       anon$$obj.o
    0x08004814   0x08004814   0x00000008   Data   RO         2214    c$$dinf             fz_ws.l(fpconst.o)
    0x0800481c   0x0800481c   0x00000008   Data   RO         2217    c$$dmax             fz_ws.l(fpconst.o)
    0x08004824   0x08004824   0x0000001c   Data   RO         2062    locale$$data        c_w.l(lc_numeric_c.o)
    0x08004840   0x08004840   0x00000110   Data   RO         2207    locale$$data        c_w.l(lc_ctype_c.o)


    Execution Region RW_IRAM1 (Exec base: 0x20000000, Load base: 0x08004950, Size: 0x00000c30, Max: 0x0000c000, ABSOLUTE)

    Exec Addr    Load Addr    Size         Type   Attr      Idx    E Section Name        Object

    0x20000000   0x08004950   0x00000068   Data   RW           13    .data               main.o
    0x20000068   0x080049b8   0x00000018   Data   RW          211    .data               encoder.o
    0x20000080   0x080049d0   0x00000016   Data   RW          263    .data               pid.o
    0x20000096   0x080049e6   0x00000014   Data   RW          742    .data               stm32f10x_rcc.o
    0x200000aa   0x080049fa   0x00000002   PAD
    0x200000ac   0x080049fc   0x00000004   Data   RW         1908    .data               c_w.l(stdio_streams.o)
    0x200000b0   0x08004a00   0x00000004   Data   RW         1909    .data               c_w.l(stdio_streams.o)
    0x200000b4   0x08004a04   0x00000004   Data   RW         1910    .data               c_w.l(stdio_streams.o)
    0x200000b8        -       0x00000418   Zero   RW           12    .bss                main.o
    0x200004d0        -       0x00000054   Zero   RW         1905    .bss                c_w.l(stdio_streams.o)
    0x20000524        -       0x00000054   Zero   RW         1906    .bss                c_w.l(stdio_streams.o)
    0x20000578        -       0x00000054   Zero   RW         1907    .bss                c_w.l(stdio_streams.o)
    0x200005cc        -       0x00000060   Zero   RW         1972    .bss                c_w.l(libspace.o)
    0x2000062c   0x08004a08   0x00000004   PAD
    0x20000630        -       0x00000200   Zero   RW         1672    HEAP                startup_stm32f10x_hd.o
    0x20000830        -       0x00000400   Zero   RW         1671    STACK               startup_stm32f10x_hd.o


==============================================================================

Image component sizes


      Code (inc. data)   RO Data    RW Data    ZI Data      Debug   Object Name

       532         60          0         24          0       3292   encoder.o
       778        234          0        104       1048     294096   main.o
       132         22          0          0          0       1811   misc.o
       400         38          0          0          0       1164   motor.o
       712         92          0         22          0       1684   pid.o
       388         30         23          0          0       6538   retarget_io.o
        64         26        304          0       1536        856   startup_stm32f10x_hd.o
       138         10          0          0          0       4809   stm32f10x_dma.o
       278          0          0          0          0       2200   stm32f10x_gpio.o
       276         32          0         20          0       4729   stm32f10x_rcc.o
         8          0          0          0          0       1868   stm32f10x_tim.o
       444          6          0          0          0       6595   stm32f10x_usart.o
       328         28          0          0          0       2257   system_stm32f10x.o
       446         46          0          0          0       2628   usart.o

    ----------------------------------------------------------------------
      4934        624        360        172       2584     334527   Object Totals
         0          0         32          0          0          0   (incl. Generated)
        10          0          1          2          0          0   (incl. Padding)

    ----------------------------------------------------------------------

      Code (inc. data)   RO Data    RW Data    ZI Data      Debug   Library Member Name

         8          0          0          0          0         68   __main.o
       104          0          0          0          0         84   __printf.o
        14          0          0          0          0         68   __printf_wp.o
         0          0          0          0          0          0   __rtentry.o
        12          0          0          0          0          0   __rtentry2.o
         6          0          0          0          0          0   __rtentry4.o
        52          8          0          0          0          0   __scatter.o
        26          0          0          0          0          0   __scatter_copy.o
        28          0          0          0          0          0   __scatter_zi.o
        28          0          0          0          0         68   _chval.o
        48          6          0          0          0         96   _printf_char_common.o
        36          4          0          0          0         80   _printf_char_file.o
         6          0          0          0          0          0   _printf_d.o
       120         16          0          0          0         92   _printf_dec.o
       178          0          0          0          0         88   _printf_intcommon.o
         0          0          0          0          0          0   _printf_percent.o
         4          0          0          0          0          0   _printf_percent_end.o
        22          0          0          0          0        100   _rserrno.o
        64          0          0          0          0         84   _sgetc.o
       228          4        148          0          0         96   bigflt0.o
      1924        136          0          0          0        756   btod.o
        10          0          0          0          0         68   defsig_exit.o
        50          0          0          0          0         88   defsig_general.o
        80         58          0          0          0         76   defsig_rtmem_inner.o
        14          0          0          0          0         80   defsig_rtmem_outer.o
        52         38          0          0          0         76   defsig_rtred_inner.o
        14          0          0          0          0         80   defsig_rtred_outer.o
        18          0          0          0          0         80   exit.o
        76          0          0          0          0         88   fclose.o
         8          0          0          0          0         68   ferror.o
       470          0          0          0          0         88   flsbuf.o
       236          4          0          0          0        128   fopen.o
        26          0          0          0          0         68   fputc.o
       248          6          0          0          0         84   fseek.o
        66          0          0          0          0         76   ftell.o
        94          0          0          0          0         80   h1_alloc.o
        52          0          0          0          0         68   h1_extend.o
        78          0          0          0          0         80   h1_free.o
        14          0          0          0          0         84   h1_init.o
         6          0          0          0          0        152   heapauxi.o
         4          0          0          0          0        136   hguard.o
         0          0          0          0          0          0   indicate_semi.o
       138          0          0          0          0        168   init_alloc.o
       312         46          0          0          0        112   initio.o
        18          0          0          0          0         76   isspace.o
        44         10        272          0          0         76   lc_ctype_c.o
        44         10         28          0          0         76   lc_numeric_c.o
         2          0          0          0          0          0   libinit.o
        42          0          0          0          0          0   libinit2.o
         2          0          0          0          0          0   libshutdown.o
         6          0          0          0          0          0   libshutdown2.o
         8          4          0          0         96         68   libspace.o
        38          0          0          0          0         68   llshl.o
         0          0          0          0          0          0   maybetermalloc1.o
        24          4          0          0          0         84   noretval__2printf.o
        16          4          0          0          0         76   rt_ctype_table.o
         8          4          0          0          0         68   rt_errno_addr_intlibspace.o
         8          4          0          0          0         68   rt_heap_descriptor_intlibspace.o
         8          4          0          0          0         68   rt_locale_intlibspace.o
        78          0          0          0          0         80   rt_memclr_w.o
       138          0          0          0          0         68   rt_memcpy_v6.o
       100          0          0          0          0         80   rt_memcpy_w.o
         2          0          0          0          0          0   rtexit.o
        10          0          0          0          0          0   rtexit2.o
      1272         16          0          0          0        168   scanf_fp.o
       800         14          0          0          0        100   scanf_hexfp.o
       308         16          0          0          0        100   scanf_infnan.o
        70          0          0          0          0         80   setvbuf.o
       240          6          0          0          0        156   stdio.o
         0          0          0         12        252          0   stdio_streams.o
       128          0          0          0          0         68   strcmpv7m.o
       164         14          0          0          0        120   strtod.o
        26          0          0          0          0         80   strtof.o
        12          4          0          0          0         68   sys_exit.o
        74          0          0          0          0         80   sys_stackheap_outer.o
        14          0          0          0          0         76   sys_wrch.o
         2          0          0          0          0         68   use_no_semi.o
        98          4          0          0          0         92   d2f.o
       804         16          0          0          0        272   daddsub_clz.o
        16          4          0          0          0         68   dcheck1.o
        24          0          0          0          0         68   dcmpi.o
       688        140          0          0          0        208   ddiv.o
       120          4          0          0          0         92   deqf.o
        46          0          0          0          0         68   dflt_clz.o
       120          4          0          0          0         92   dleqf.o
       340         12          0          0          0        104   dmul.o
       156          4          0          0          0         92   dnaninf.o
        12          0          0          0          0         68   dretinf.o
       108          0          0          0          0         80   drleqf.o
        86          4          0          0          0         84   f2d.o
       430          8          0          0          0        168   faddsub_clz.o
        54          4          0          0          0         84   ffix.o
        48          0          0          0          0         68   fflt_clz.o
       258          4          0          0          0         84   fmul.o
       140          4          0          0          0         84   fnaninf.o
         0          0         16          0          0          0   fpconst.o
        10          0          0          0          0         68   fretinf.o
         6          0          0          0          0         68   istatus.o
       100          0          0          0          0         68   retnan.o
        92          0          0          0          0         68   scalbn.o
         4          0          0          0          0         68   scanf1.o
         8          0          0          0          0         84   scanf2.o
        48          0          0          0          0         68   trapv.o
         0          0          0          0          0          0   usenofp.o
        30          6          0          0          0        136   dunder.o
        88          8          0          0          0         76   frexp.o
       138          0          0          0          0        160   ldexp.o
       204          4          0          0          0        168   narrow.o
        20          0          0          0          0         76   strtof.o

    ----------------------------------------------------------------------
     13010        672        464         12        352       8812   Library Totals
        34          2          0          0          4          0   (incl. Padding)

    ----------------------------------------------------------------------

      Code (inc. data)   RO Data    RW Data    ZI Data      Debug   Library Name

      8680        440        448         12        348       5828   c_w.l
      3816        212         16          0          0       2368   fz_ws.l
       480         18          0          0          0        616   m_ws.l

    ----------------------------------------------------------------------
     13010        672        464         12        352       8812   Library Totals

    ----------------------------------------------------------------------

==============================================================================


      Code (inc. data)   RO Data    RW Data    ZI Data      Debug   

     17944       1296        824        184       2936     335691   Grand Totals
     17944       1296        824        184       2936     335691   ELF Image Totals
     17944       1296        824        184          0          0   ROM Totals

==============================================================================

    Total RO  Size (Code + RO Data)                18768 (  18.33kB)
    Total RW  Size (RW Data + ZI Data)              3120 (   3.05kB)
    Total ROM Size (Code + RO Data + RW Data)      18952 (  18.51kB)

==============================================================================

